JAX devices  : [CudaDevice(id=0)]
JAX version  : 0.9.2
Samplers     : zephyr, pegasus
Seeds        : [1]
Wall budget  : 15.0 min  (900 s)
Iters/run    : 300  @ 0.3 s/iter  (~90 s/run)
Output dir   : jax_results/

[12:45:40]  72 total  (67 pending, 5 already done)
  Fixed: reg=1e-05  ns=1000  iter=300  cem=on  cem_interval=5
  RBM: FullyConnectedRBM → DWaveTopologyRBM on embedding failure

[1/67] 1d N= 16  h=1.0  zephyr  lr=0.01  seed=1  [15.0 min left]
FullyConnectedRBM(n_visible=16, n_hidden=16)
<ising.TransverseFieldIsing1D object at 0x7fec2c128830>
namespace(model='1d', size=16, h=1.0, J=1.0, delta=1.0, alpha=2.0, rbm='full', n_hidden=16, sampler='dimod', sampling_method='zephyr', n_samples=1000, iterations=300, learning_rate=0.01, regularization=1e-05, cem=True, cem_interval=5, seed=1, visualize=False, output_dir='jax_results', sigma=1.0, lsb_steps=100, lsb_delta=1.0)
  [CEM] β scheduling ENABLED — estimating β_eff every 5 iteration(s) from joint LSB samples, EMA α=0.3
Checkpoint interval: 10
  [rbm_to_ising] beta_x = 1.0000
  [embedding] Running minorminer for (16, 'Advantage2_system1')...
  [embedding] Embedding found and cached for (16, 'Advantage2_system1').
  [CEM iter   0] β_eff = 50.0000 → beta_x = 15.7000 (EMA α=0.3)
Iter   0: E = -14.840687 ± 0.056656  β_x = 15.700  CG 9it res=4.18e-12  sample_time=2.374s  ‖x‖=14.4542
  [rbm_to_ising] beta_x = 15.7000
  D-Wave sampling attempt 1/3 failed: source edge (7, 19) is not represented by any target edge
  D-Wave sampling attempt 2/3 failed: source edge (7, 19) is not represented by any target edge
  D-Wave sampling attempt 3/3 failed: source edge (7, 19) is not represented by any target edge
  [Trainer] Sampling failed at iteration 1: D-Wave sampling failed after 3 attempts.
  [Trainer] Aborting this experiment.
  FAIL  RuntimeError: D-Wave sampling failed after 3 attempts.
[2/67] 1d N= 16  h=2.0  zephyr  lr=0.01  seed=1  [14.9 min left]
FullyConnectedRBM(n_visible=16, n_hidden=16)
<ising.TransverseFieldIsing1D object at 0x7fea783279d0>
namespace(model='1d', size=16, h=2.0, J=1.0, delta=1.0, alpha=2.0, rbm='full', n_hidden=16, sampler='dimod', sampling_method='zephyr', n_samples=1000, iterations=300, learning_rate=0.01, regularization=1e-05, cem=True, cem_interval=5, seed=1, visualize=False, output_dir='jax_results', sigma=1.0, lsb_steps=100, lsb_delta=1.0)
  [CEM] β scheduling ENABLED — estimating β_eff every 5 iteration(s) from joint LSB samples, EMA α=0.3
Checkpoint interval: 10
  [rbm_to_ising] beta_x = 1.0000
  [embedding] Running minorminer for (16, 'Advantage2_system1')...
  [embedding] Embedding found and cached for (16, 'Advantage2_system1').
  [CEM iter   0] β_eff = 50.0000 → beta_x = 15.7000 (EMA α=0.3)
Iter   0: E = -30.254856 ± 0.062158  β_x = 15.700  CG 14it res=9.89e-11  sample_time=1.886s  ‖x‖=14.1152
  [rbm_to_ising] beta_x = 15.7000
  [CEM iter   5] β_eff = 50.0000 → beta_x = 20.0000 (EMA α=0.3)
  [rbm_to_ising] beta_x = 20.0000
  [CEM iter  10] β_eff = 35.7270 → beta_x = 20.0000 (EMA α=0.3)
Iter  10: E = -41.688140 ± 0.005375  β_x = 20.000  CG 17it res=3.67e-10  sample_time=0.797s  ‖x‖=3.0878
  [CEM iter  15] β_eff = 40.2598 → beta_x = 20.0000 (EMA α=0.3)
  [CEM iter  20] β_eff = 48.9060 → beta_x = 20.0000 (EMA α=0.3)
Iter  20: E = -41.020490 ± 0.001468  β_x = 20.000  CG 10it res=1.16e-09  sample_time=0.751s  ‖x‖=0.0641
  [CEM iter  25] β_eff = 49.0160 → beta_x = 20.0000 (EMA α=0.3)
  [CEM iter  30] β_eff = 45.7614 → beta_x = 20.0000 (EMA α=0.3)
Iter  30: E = -40.821638 ± 0.001028  β_x = 20.000  CG 10it res=1.70e-09  sample_time=0.786s  ‖x‖=0.0324
  [CEM iter  35] β_eff = 43.4331 → beta_x = 20.0000 (EMA α=0.3)
  [CEM iter  40] β_eff = 37.4868 → beta_x = 20.0000 (EMA α=0.3)
Iter  40: E = -40.739515 ± 0.003056  β_x = 20.000  CG 11it res=2.06e-09  sample_time=0.703s  ‖x‖=1.8123
  [CEM iter  45] β_eff = 43.5964 → beta_x = 20.0000 (EMA α=0.3)
  [CEM iter  50] β_eff = 40.6123 → beta_x = 20.0000 (EMA α=0.3)
Iter  50: E = -40.520994 ± 0.000766  β_x = 20.000  CG 11it res=4.20e-09  sample_time=0.705s  ‖x‖=0.3114
  [CEM iter  55] β_eff = 42.2745 → beta_x = 20.0000 (EMA α=0.3)
  [CEM iter  60] β_eff = 42.7333 → beta_x = 20.0000 (EMA α=0.3)
Iter  60: E = -40.293205 ± 0.000294  β_x = 20.000  CG 9it res=5.87e-09  sample_time=0.817s  ‖x‖=0.0115
  [CEM iter  65] β_eff = 44.0093 → beta_x = 20.0000 (EMA α=0.3)
  [CEM iter  70] β_eff = 33.6070 → beta_x = 20.0000 (EMA α=0.3)
Iter  70: E = -40.117139 ± 0.003001  β_x = 20.000  CG 15it res=1.13e-09  sample_time=0.806s  ‖x‖=1.7063
  [CEM iter  75] β_eff = 32.9974 → beta_x = 20.0000 (EMA α=0.3)
  [CEM iter  80] β_eff = 31.6524 → beta_x = 20.0000 (EMA α=0.3)
Iter  80: E = -39.884569 ± 0.000093  β_x = 20.000  CG 10it res=3.05e-09  sample_time=0.721s  ‖x‖=0.0086
  [CEM iter  85] β_eff = 33.0314 → beta_x = 20.0000 (EMA α=0.3)
  [CEM iter  90] β_eff = 36.2124 → beta_x = 20.0000 (EMA α=0.3)
Iter  90: E = -39.702323 ± 0.000097  β_x = 20.000  CG 10it res=3.71e-09  sample_time=0.731s  ‖x‖=0.0045
  [CEM iter  95] β_eff = 33.0966 → beta_x = 20.0000 (EMA α=0.3)
  [CEM iter 100] β_eff = 31.9478 → beta_x = 20.0000 (EMA α=0.3)
Iter 100: E = -39.701996 ± 0.000064  β_x = 20.000  CG 10it res=3.70e-09  sample_time=0.735s  ‖x‖=0.0022
  [CEM iter 105] β_eff = 34.3040 → beta_x = 20.0000 (EMA α=0.3)
  [CEM iter 110] β_eff = 36.3953 → beta_x = 20.0000 (EMA α=0.3)
Iter 110: E = -39.725907 ± 0.000059  β_x = 20.000  CG 10it res=3.74e-09  sample_time=0.792s  ‖x‖=0.0013
  [CEM iter 115] β_eff = 32.6754 → beta_x = 20.0000 (EMA α=0.3)
  [CEM iter 120] β_eff = 31.3351 → beta_x = 20.0000 (EMA α=0.3)
Iter 120: E = -39.722936 ± 0.002981  β_x = 20.000  CG 12it res=4.12e-09  sample_time=0.719s  ‖x‖=1.6812
  [CEM iter 125] β_eff = 34.3825 → beta_x = 20.0000 (EMA α=0.3)
  [CEM iter 130] β_eff = 30.5076 → beta_x = 20.0000 (EMA α=0.3)
Iter 130: E = -39.550706 ± 0.000041  β_x = 20.000  CG 10it res=3.25e-09  sample_time=0.708s  ‖x‖=0.0009
  [CEM iter 135] β_eff = 30.3727 → beta_x = 20.0000 (EMA α=0.3)
  [CEM iter 140] β_eff = 29.8101 → beta_x = 20.0000 (EMA α=0.3)
Iter 140: E = -39.605279 ± 0.000039  β_x = 20.000  CG 10it res=3.20e-09  sample_time=0.736s  ‖x‖=0.0007
  [CEM iter 145] β_eff = 31.5290 → beta_x = 20.0000 (EMA α=0.3)
  [CEM iter 150] β_eff = 36.2525 → beta_x = 20.0000 (EMA α=0.3)
Iter 150: E = -39.519547 ± 0.000031  β_x = 20.000  CG 10it res=3.66e-09  sample_time=0.695s  ‖x‖=0.0006
  [CEM iter 155] β_eff = 35.7326 → beta_x = 20.0000 (EMA α=0.3)
  [CEM iter 160] β_eff = 34.5723 → beta_x = 20.0000 (EMA α=0.3)
Iter 160: E = -39.473100 ± 0.000075  β_x = 20.000  CG 10it res=3.87e-09  sample_time=0.752s  ‖x‖=0.0014
  [CEM iter 165] β_eff = 30.7764 → beta_x = 20.0000 (EMA α=0.3)
  [CEM iter 170] β_eff = 30.1439 → beta_x = 20.0000 (EMA α=0.3)
Iter 170: E = -39.473134 ± 0.000055  β_x = 20.000  CG 10it res=4.59e-09  sample_time=0.762s  ‖x‖=0.0010
  [CEM iter 175] β_eff = 31.5525 → beta_x = 20.0000 (EMA α=0.3)
  [CEM iter 180] β_eff = 32.3505 → beta_x = 20.0000 (EMA α=0.3)
Iter 180: E = -39.491792 ± 0.002557  β_x = 20.000  CG 12it res=4.36e-09  sample_time=0.693s  ‖x‖=1.4286
  [CEM iter 185] β_eff = 31.3232 → beta_x = 20.0000 (EMA α=0.3)
  [CEM iter 190] β_eff = 32.0771 → beta_x = 20.0000 (EMA α=0.3)
Iter 190: E = -39.334219 ± 0.000021  β_x = 20.000  CG 10it res=4.03e-09  sample_time=0.719s  ‖x‖=0.0009
  [CEM iter 195] β_eff = 32.3721 → beta_x = 20.0000 (EMA α=0.3)
  [CEM iter 200] β_eff = 32.8866 → beta_x = 20.0000 (EMA α=0.3)
Iter 200: E = -39.333973 ± 0.000014  β_x = 20.000  CG 10it res=3.85e-09  sample_time=0.715s  ‖x‖=0.0005
  [CEM iter 205] β_eff = 29.4433 → beta_x = 20.0000 (EMA α=0.3)
  [CEM iter 210] β_eff = 35.7221 → beta_x = 20.0000 (EMA α=0.3)
Iter 210: E = -39.364625 ± 0.000012  β_x = 20.000  CG 8it res=6.42e-09  sample_time=0.788s  ‖x‖=0.0003
  [CEM iter 215] β_eff = 37.1057 → beta_x = 20.0000 (EMA α=0.3)
  [CEM iter 220] β_eff = 30.5907 → beta_x = 20.0000 (EMA α=0.3)
Iter 220: E = -39.285400 ± 0.000017  β_x = 20.000  CG 10it res=4.35e-09  sample_time=0.699s  ‖x‖=0.0006
  [CEM iter 225] β_eff = 35.2199 → beta_x = 20.0000 (EMA α=0.3)
  [CEM iter 230] β_eff = 29.0902 → beta_x = 20.0000 (EMA α=0.3)
Iter 230: E = -39.282386 ± 0.002931  β_x = 20.000  CG 15it res=3.54e-10  sample_time=0.742s  ‖x‖=1.6085
  [CEM iter 235] β_eff = 32.8291 → beta_x = 20.0000 (EMA α=0.3)
  [CEM iter 240] β_eff = 34.0226 → beta_x = 20.0000 (EMA α=0.3)
Iter 240: E = -39.118623 ± 0.000020  β_x = 20.000  CG 10it res=4.05e-09  sample_time=0.712s  ‖x‖=0.0006
  [CEM iter 245] β_eff = 33.1293 → beta_x = 20.0000 (EMA α=0.3)
  [CEM iter 250] β_eff = 33.6519 → beta_x = 20.0000 (EMA α=0.3)
Iter 250: E = -39.118496 ± 0.000013  β_x = 20.000  CG 10it res=4.00e-09  sample_time=0.787s  ‖x‖=0.0003
  [CEM iter 255] β_eff = 36.5733 → beta_x = 20.0000 (EMA α=0.3)
  [CEM iter 260] β_eff = 29.1762 → beta_x = 20.0000 (EMA α=0.3)
Iter 260: E = -39.030528 ± 0.000058  β_x = 20.000  CG 10it res=4.58e-09  sample_time=0.737s  ‖x‖=0.0010
  [CEM iter 265] β_eff = 32.8713 → beta_x = 20.0000 (EMA α=0.3)
  [CEM iter 270] β_eff = 32.6672 → beta_x = 20.0000 (EMA α=0.3)
Iter 270: E = -39.030219 ± 0.000043  β_x = 20.000  CG 10it res=5.24e-09  sample_time=0.805s  ‖x‖=0.0007
  [CEM iter 275] β_eff = 32.7578 → beta_x = 20.0000 (EMA α=0.3)
  [CEM iter 280] β_eff = 30.3587 → beta_x = 20.0000 (EMA α=0.3)
Iter 280: E = -39.030253 ± 0.000030  β_x = 20.000  CG 10it res=4.67e-09  sample_time=0.782s  ‖x‖=0.0005
  [CEM iter 285] β_eff = 32.9855 → beta_x = 20.0000 (EMA α=0.3)
  [CEM iter 290] β_eff = 31.1009 → beta_x = 20.0000 (EMA α=0.3)
Iter 290: E = -39.030225 ± 0.000021  β_x = 20.000  CG 10it res=4.19e-09  sample_time=0.766s  ‖x‖=0.0004
  [CEM iter 295] β_eff = 31.7289 → beta_x = 20.0000 (EMA α=0.3)
Saved  → jax_results/tfim_1d/16/dimod/zephyr/result_1d_h2.0_rbmfull_nh16_lr0.01_reg1e-05_ns1000_seed1_iter300_cem1_sigma1.0.json
  Final energy : -39.030156
  Exact energy : -34.033425
  Error        : 4.996731
   241.0s  rbm=full  iters=300  rel_err=0.1468
[3/67] 1d N= 25  h=0.5  zephyr  lr=0.01  seed=1  [10.8 min left]  ETA ~4.5h
FullyConnectedRBM(n_visible=25, n_hidden=25)
<ising.TransverseFieldIsing1D object at 0x7fea783279d0>
namespace(model='1d', size=25, h=0.5, J=1.0, delta=1.0, alpha=2.0, rbm='full', n_hidden=25, sampler='dimod', sampling_method='zephyr', n_samples=1000, iterations=300, learning_rate=0.01, regularization=1e-05, cem=True, cem_interval=5, seed=1, visualize=False, output_dir='jax_results', sigma=1.0, lsb_steps=100, lsb_delta=1.0)
  [CEM] β scheduling ENABLED — estimating β_eff every 5 iteration(s) from joint LSB samples, EMA α=0.3
Checkpoint interval: 10
  [rbm_to_ising] beta_x = 1.0000
  [embedding] Running minorminer for (25, 'Advantage2_system1')...
  [embedding] Embedding found and cached for (25, 'Advantage2_system1').
  [CEM iter   0] β_eff = 50.0000 → beta_x = 15.7000 (EMA α=0.3)
Iter   0: E = -10.279856 ± 0.084123  β_x = 15.700  CG 164it res=4.75e-09  sample_time=2.541s  ‖x‖=31.0226
  [rbm_to_ising] beta_x = 15.7000
  [CEM iter   5] β_eff = 30.6934 → beta_x = 20.0000 (EMA α=0.3)
  [rbm_to_ising] beta_x = 20.0000
  [CEM iter  10] β_eff = 50.0000 → beta_x = 20.0000 (EMA α=0.3)
Iter  10: E = -36.407153 ± 0.006784  β_x = 20.000  CG 2it res=3.80e-14  sample_time=0.779s  ‖x‖=2.0481
  [CEM iter  15] β_eff = 50.0000 → beta_x = 20.0000 (EMA α=0.3)
  [CEM iter  20] β_eff = 50.0000 → beta_x = 20.0000 (EMA α=0.3)
Iter  20: E = -36.313544 ± 0.000871  β_x = 20.000  CG 1it res=9.55e-15  sample_time=0.710s  ‖x‖=0.0117
  [CEM iter  25] β_eff = 50.0000 → beta_x = 20.0000 (EMA α=0.3)
  [CEM iter  30] β_eff = 50.0000 → beta_x = 20.0000 (EMA α=0.3)
Iter  30: E = -36.272653 ± 0.000863  β_x = 20.000  CG 1it res=4.34e-14  sample_time=0.778s  ‖x‖=0.0109
  [CEM iter  35] β_eff = 50.0000 → beta_x = 20.0000 (EMA α=0.3)
  [CEM iter  40] β_eff = 50.0000 → beta_x = 20.0000 (EMA α=0.3)
Iter  40: E = -36.238894 ± 0.000788  β_x = 20.000  CG 1it res=7.15e-15  sample_time=0.750s  ‖x‖=0.0100
  [CEM iter  45] β_eff = 50.0000 → beta_x = 20.0000 (EMA α=0.3)
  [CEM iter  50] β_eff = 50.0000 → beta_x = 20.0000 (EMA α=0.3)
Iter  50: E = -36.238643 ± 0.000716  β_x = 20.000  CG 1it res=4.10e-14  sample_time=0.793s  ‖x‖=0.0092
  [CEM iter  55] β_eff = 50.0000 → beta_x = 20.0000 (EMA α=0.3)
  [CEM iter  60] β_eff = 50.0000 → beta_x = 20.0000 (EMA α=0.3)
Iter  60: E = -36.197997 ± 0.000682  β_x = 20.000  CG 1it res=3.08e-15  sample_time=0.754s  ‖x‖=0.0082
  [CEM iter  65] β_eff = 50.0000 → beta_x = 20.0000 (EMA α=0.3)
  [CEM iter  70] β_eff = 50.0000 → beta_x = 20.0000 (EMA α=0.3)
Iter  70: E = -36.162317 ± 0.000600  β_x = 20.000  CG 1it res=1.63e-14  sample_time=0.792s  ‖x‖=0.0074
  [CEM iter  75] β_eff = 39.1097 → beta_x = 20.0000 (EMA α=0.3)
  [CEM iter  80] β_eff = 29.4972 → beta_x = 20.0000 (EMA α=0.3)
Iter  80: E = -36.056014 ± 0.000578  β_x = 20.000  CG 1it res=5.65e-15  sample_time=0.737s  ‖x‖=0.0071
  [CEM iter  85] β_eff = 20.5667 → beta_x = 20.0000 (EMA α=0.3)
  [CEM iter  90] β_eff = 20.8427 → beta_x = 20.0000 (EMA α=0.3)
Iter  90: E = -36.017183 ± 0.000512  β_x = 20.000  CG 1it res=2.95e-14  sample_time=0.718s  ‖x‖=0.0061
  [CEM iter  95] β_eff = 20.6834 → beta_x = 20.0000 (EMA α=0.3)
  [CEM iter 100] β_eff = 20.9078 → beta_x = 20.0000 (EMA α=0.3)
Iter 100: E = -35.979580 ± 0.000466  β_x = 20.000  CG 1it res=5.15e-14  sample_time=0.784s  ‖x‖=0.0055
  [CEM iter 105] β_eff = 20.7069 → beta_x = 20.0000 (EMA α=0.3)
  [CEM iter 110] β_eff = 19.8748 → beta_x = 19.9624 (EMA α=0.3)
Iter 110: E = -35.911071 ± 0.000418  β_x = 19.962  CG 1it res=1.19e-15  sample_time=0.745s  ‖x‖=0.0050
  [CEM iter 115] β_eff = 19.6699 → beta_x = 19.8747 (EMA α=0.3)
  [CEM iter 120] β_eff = 19.7150 → beta_x = 19.8268 (EMA α=0.3)
Iter 120: E = -35.912432 ± 0.000375  β_x = 19.827  CG 1it res=3.91e-14  sample_time=0.803s  ‖x‖=0.0046
  [CEM iter 125] β_eff = 19.9856 → beta_x = 19.8744 (EMA α=0.3)
  [CEM iter 130] β_eff = 19.9012 → beta_x = 19.8825 (EMA α=0.3)
Iter 130: E = -35.911559 ± 0.000349  β_x = 19.882  CG 1it res=3.37e-14  sample_time=0.720s  ‖x‖=0.0042
  [CEM iter 135] β_eff = 20.1558 → beta_x = 19.9645 (EMA α=0.3)
  [CEM iter 140] β_eff = 19.6579 → beta_x = 19.8725 (EMA α=0.3)
Iter 140: E = -35.912313 ± 0.000313  β_x = 19.873  CG 1it res=2.12e-14  sample_time=0.753s  ‖x‖=0.0039
  [CEM iter 145] β_eff = 19.4730 → beta_x = 19.7527 (EMA α=0.3)
  [rbm_to_ising] beta_x = 19.7527
  [CEM iter 150] β_eff = 19.6296 → beta_x = 19.7158 (EMA α=0.3)
Iter 150: E = -35.911662 ± 0.000291  β_x = 19.716  CG 1it res=2.40e-14  sample_time=0.722s  ‖x‖=0.0035
  [CEM iter 155] β_eff = 20.2326 → beta_x = 19.8708 (EMA α=0.3)
  [CEM iter 160] β_eff = 19.7298 → beta_x = 19.8285 (EMA α=0.3)
Iter 160: E = -35.911654 ± 0.000265  β_x = 19.829  CG 1it res=1.55e-14  sample_time=0.745s  ‖x‖=0.0033
  [CEM iter 165] β_eff = 19.1789 → beta_x = 19.6336 (EMA α=0.3)
  [CEM iter 170] β_eff = 20.0544 → beta_x = 19.7599 (EMA α=0.3)
Iter 170: E = -35.911425 ± 0.000244  β_x = 19.760  CG 1it res=1.65e-14  sample_time=0.800s  ‖x‖=0.0030
  [CEM iter 175] β_eff = 19.3749 → beta_x = 19.6444 (EMA α=0.3)
  [CEM iter 180] β_eff = 19.1316 → beta_x = 19.4905 (EMA α=0.3)
Iter 180: E = -35.912258 ± 0.000213  β_x = 19.491  CG 1it res=2.72e-15  sample_time=0.756s  ‖x‖=0.0027
  [rbm_to_ising] beta_x = 19.4905
  [CEM iter 185] β_eff = 19.5064 → beta_x = 19.4953 (EMA α=0.3)
  [CEM iter 190] β_eff = 19.7637 → beta_x = 19.5758 (EMA α=0.3)
Iter 190: E = -35.912336 ± 0.000191  β_x = 19.576  CG 1it res=3.61e-14  sample_time=0.738s  ‖x‖=0.0025
  [CEM iter 195] β_eff = 19.8776 → beta_x = 19.6664 (EMA α=0.3)
  [CEM iter 200] β_eff = 21.2474 → beta_x = 20.0000 (EMA α=0.3)
Iter 200: E = -35.877460 ± 0.000179  β_x = 20.000  CG 1it res=1.37e-14  sample_time=0.768s  ‖x‖=0.0022
  [rbm_to_ising] beta_x = 20.0000
  [CEM iter 205] β_eff = 21.1883 → beta_x = 20.0000 (EMA α=0.3)
  [CEM iter 210] β_eff = 21.5173 → beta_x = 20.0000 (EMA α=0.3)
Iter 210: E = -35.877798 ± 0.000159  β_x = 20.000  CG 1it res=9.99e-16  sample_time=0.759s  ‖x‖=0.0020
  [CEM iter 215] β_eff = 21.5904 → beta_x = 20.0000 (EMA α=0.3)
  [CEM iter 220] β_eff = 21.4139 → beta_x = 20.0000 (EMA α=0.3)
Iter 220: E = -35.877769 ± 0.000144  β_x = 20.000  CG 1it res=2.29e-14  sample_time=5.160s  ‖x‖=0.0019
  [CEM iter 225] β_eff = 20.9431 → beta_x = 20.0000 (EMA α=0.3)
  [CEM iter 230] β_eff = 18.6539 → beta_x = 19.5962 (EMA α=0.3)
Iter 230: E = -35.837995 ± 0.000129  β_x = 19.596  CG 1it res=2.40e-15  sample_time=0.737s  ‖x‖=0.0017
  [rbm_to_ising] beta_x = 19.5962
  [CEM iter 235] β_eff = 18.4056 → beta_x = 19.2390 (EMA α=0.3)
  [rbm_to_ising] beta_x = 19.2390
  [CEM iter 240] β_eff = 18.6789 → beta_x = 19.0710 (EMA α=0.3)
Iter 240: E = -35.837375 ± 0.000124  β_x = 19.071  CG 1it res=2.45e-14  sample_time=0.730s  ‖x‖=0.0015
  [CEM iter 245] β_eff = 19.1372 → beta_x = 19.0908 (EMA α=0.3)
  [CEM iter 250] β_eff = 18.6202 → beta_x = 18.9496 (EMA α=0.3)
Iter 250: E = -35.837271 ± 0.000114  β_x = 18.950  CG 1it res=3.07e-14  sample_time=0.776s  ‖x‖=0.0014
  [rbm_to_ising] beta_x = 18.9496
  [CEM iter 255] β_eff = 18.7669 → beta_x = 18.8948 (EMA α=0.3)
  [CEM iter 260] β_eff = 18.9759 → beta_x = 18.9191 (EMA α=0.3)
Iter 260: E = -35.837108 ± 0.000106  β_x = 18.919  CG 1it res=2.22e-14  sample_time=0.764s  ‖x‖=0.0013
  [CEM iter 265] β_eff = 19.3907 → beta_x = 19.0606 (EMA α=0.3)
  [CEM iter 270] β_eff = 18.7148 → beta_x = 18.9569 (EMA α=0.3)
Iter 270: E = -35.837230 ± 0.000095  β_x = 18.957  CG 1it res=2.70e-14  sample_time=0.719s  ‖x‖=0.0012
  [CEM iter 275] β_eff = 18.4359 → beta_x = 18.8006 (EMA α=0.3)
  [CEM iter 280] β_eff = 18.7111 → beta_x = 18.7737 (EMA α=0.3)
Iter 280: E = -35.837298 ± 0.000086  β_x = 18.774  CG 1it res=2.36e-14  sample_time=0.841s  ‖x‖=0.0011
  [CEM iter 285] β_eff = 18.2129 → beta_x = 18.6055 (EMA α=0.3)
  [rbm_to_ising] beta_x = 18.6055
  [CEM iter 290] β_eff = 18.3290 → beta_x = 18.5225 (EMA α=0.3)
Iter 290: E = -35.833288 ± 0.003845  β_x = 18.523  CG 2it res=1.29e-14  sample_time=0.746s  ‖x‖=1.7244
  [CEM iter 295] β_eff = 18.4616 → beta_x = 18.5043 (EMA α=0.3)
Saved  → jax_results/tfim_1d/25/dimod/zephyr/result_1d_h0.5_rbmfull_nh25_lr0.01_reg1e-05_ns1000_seed1_iter300_cem1_sigma1.0.json
  Final energy : -35.767901
  Exact energy : -26.588610
  Error        : 9.179291
   254.4s  rbm=full  iters=300  rel_err=0.3452
[4/67] 1d N= 25  h=1.0  zephyr  lr=0.01  seed=1  [6.6 min left]  ETA ~4.5h
FullyConnectedRBM(n_visible=25, n_hidden=25)
<ising.TransverseFieldIsing1D object at 0x7feab43cf100>
namespace(model='1d', size=25, h=1.0, J=1.0, delta=1.0, alpha=2.0, rbm='full', n_hidden=25, sampler='dimod', sampling_method='zephyr', n_samples=1000, iterations=300, learning_rate=0.01, regularization=1e-05, cem=True, cem_interval=5, seed=1, visualize=False, output_dir='jax_results', sigma=1.0, lsb_steps=100, lsb_delta=1.0)
  [CEM] β scheduling ENABLED — estimating β_eff every 5 iteration(s) from joint LSB samples, EMA α=0.3
Checkpoint interval: 10
  [rbm_to_ising] beta_x = 1.0000
  [embedding] Running minorminer for (25, 'Advantage2_system1')...
  [embedding] Embedding found and cached for (25, 'Advantage2_system1').
  [CEM iter   0] β_eff = 50.0000 → beta_x = 15.7000 (EMA α=0.3)
Iter   0: E = -24.619656 ± 0.082616  β_x = 15.700  CG 73it res=4.11e-09  sample_time=3.068s  ‖x‖=23.4788
  [rbm_to_ising] beta_x = 15.7000
  [CEM iter   5] β_eff = 50.0000 → beta_x = 20.0000 (EMA α=0.3)
  [rbm_to_ising] beta_x = 20.0000
  [CEM iter  10] β_eff = 50.0000 → beta_x = 20.0000 (EMA α=0.3)
Iter  10: E = -36.960856 ± 0.001441  β_x = 20.000  CG 12it res=6.96e-09  sample_time=0.740s  ‖x‖=0.1763
  [CEM iter  15] β_eff = 50.0000 → beta_x = 20.0000 (EMA α=0.3)
  [CEM iter  20] β_eff = 50.0000 → beta_x = 20.0000 (EMA α=0.3)
Iter  20: E = -37.010804 ± 0.001271  β_x = 20.000  CG 21it res=3.27e-10  sample_time=0.801s  ‖x‖=0.1457
  [CEM iter  25] β_eff = 50.0000 → beta_x = 20.0000 (EMA α=0.3)
  [CEM iter  30] β_eff = 50.0000 → beta_x = 20.0000 (EMA α=0.3)
Iter  30: E = -37.005914 ± 0.004343  β_x = 20.000  CG 44it res=1.87e-09  sample_time=0.730s  ‖x‖=2.7827
  [CEM iter  35] β_eff = 41.7668 → beta_x = 20.0000 (EMA α=0.3)
  [CEM iter  40] β_eff = 43.8869 → beta_x = 20.0000 (EMA α=0.3)
Iter  40: E = -40.851537 ± 0.000953  β_x = 20.000  CG 14it res=5.13e-10  sample_time=0.739s  ‖x‖=0.0533
  [CEM iter  45] β_eff = 47.6257 → beta_x = 20.0000 (EMA α=0.3)
  [CEM iter  50] β_eff = 50.0000 → beta_x = 20.0000 (EMA α=0.3)
Iter  50: E = -40.794274 ± 0.000801  β_x = 20.000  CG 14it res=1.20e-10  sample_time=0.823s  ‖x‖=0.0392
  [CEM iter  55] β_eff = 48.1883 → beta_x = 20.0000 (EMA α=0.3)
  [CEM iter  60] β_eff = 49.0572 → beta_x = 20.0000 (EMA α=0.3)
Iter  60: E = -40.799694 ± 0.000656  β_x = 20.000  CG 12it res=7.52e-09  sample_time=0.738s  ‖x‖=0.0287
  [CEM iter  65] β_eff = 48.5456 → beta_x = 20.0000 (EMA α=0.3)
  [CEM iter  70] β_eff = 45.0696 → beta_x = 20.0000 (EMA α=0.3)
Iter  70: E = -40.799933 ± 0.000550  β_x = 20.000  CG 11it res=2.51e-09  sample_time=0.718s  ‖x‖=0.0208
  [CEM iter  75] β_eff = 40.6990 → beta_x = 20.0000 (EMA α=0.3)
  [CEM iter  80] β_eff = 41.8232 → beta_x = 20.0000 (EMA α=0.3)
Iter  80: E = -40.801200 ± 0.000433  β_x = 20.000  CG 11it res=4.88e-09  sample_time=0.721s  ‖x‖=0.0151
  [CEM iter  85] β_eff = 40.2692 → beta_x = 20.0000 (EMA α=0.3)
  [CEM iter  90] β_eff = 41.9900 → beta_x = 20.0000 (EMA α=0.3)
Iter  90: E = -40.801940 ± 0.000349  β_x = 20.000  CG 11it res=8.96e-09  sample_time=0.739s  ‖x‖=0.0110
  [CEM iter  95] β_eff = 42.5646 → beta_x = 20.0000 (EMA α=0.3)
  [CEM iter 100] β_eff = 50.0000 → beta_x = 20.0000 (EMA α=0.3)
Iter 100: E = -40.736863 ± 0.000289  β_x = 20.000  CG 12it res=4.69e-09  sample_time=0.762s  ‖x‖=0.0081
  [CEM iter 105] β_eff = 46.9917 → beta_x = 20.0000 (EMA α=0.3)
  [CEM iter 110] β_eff = 47.0981 → beta_x = 20.0000 (EMA α=0.3)
Iter 110: E = -40.735702 ± 0.000237  β_x = 20.000  CG 11it res=5.03e-09  sample_time=0.808s  ‖x‖=0.0062
  [CEM iter 115] β_eff = 46.6588 → beta_x = 20.0000 (EMA α=0.3)
  [CEM iter 120] β_eff = 46.9728 → beta_x = 20.0000 (EMA α=0.3)
Iter 120: E = -40.735230 ± 0.000198  β_x = 20.000  CG 11it res=8.04e-09  sample_time=0.725s  ‖x‖=0.0048
  [CEM iter 125] β_eff = 50.0000 → beta_x = 20.0000 (EMA α=0.3)
  [CEM iter 130] β_eff = 50.0000 → beta_x = 20.0000 (EMA α=0.3)
Iter 130: E = -40.674239 ± 0.000177  β_x = 20.000  CG 11it res=6.35e-09  sample_time=0.730s  ‖x‖=0.0039
  [CEM iter 135] β_eff = 50.0000 → beta_x = 20.0000 (EMA α=0.3)
  [CEM iter 140] β_eff = 50.0000 → beta_x = 20.0000 (EMA α=0.3)
Iter 140: E = -40.674018 ± 0.000143  β_x = 20.000  CG 13it res=7.65e-10  sample_time=0.741s  ‖x‖=0.0030
  [CEM iter 145] β_eff = 50.0000 → beta_x = 20.0000 (EMA α=0.3)
  [CEM iter 150] β_eff = 50.0000 → beta_x = 20.0000 (EMA α=0.3)
Iter 150: E = -40.674382 ± 0.000120  β_x = 20.000  CG 10it res=4.12e-09  sample_time=0.768s  ‖x‖=0.0024
  [CEM iter 155] β_eff = 50.0000 → beta_x = 20.0000 (EMA α=0.3)
  [CEM iter 160] β_eff = 50.0000 → beta_x = 20.0000 (EMA α=0.3)
Iter 160: E = -40.674341 ± 0.000099  β_x = 20.000  CG 10it res=2.09e-09  sample_time=0.815s  ‖x‖=0.0020
  [CEM iter 165] β_eff = 50.0000 → beta_x = 20.0000 (EMA α=0.3)
  [CEM iter 170] β_eff = 50.0000 → beta_x = 20.0000 (EMA α=0.3)
Iter 170: E = -40.676594 ± 0.000081  β_x = 20.000  CG 9it res=7.42e-09  sample_time=0.781s  ‖x‖=0.0015
  [CEM iter 175] β_eff = 49.5741 → beta_x = 20.0000 (EMA α=0.3)
  [CEM iter 180] β_eff = 50.0000 → beta_x = 20.0000 (EMA α=0.3)
Iter 180: E = -40.676888 ± 0.000163  β_x = 20.000  CG 15it res=9.40e-09  sample_time=0.738s  ‖x‖=0.0885
  [CEM iter 185] β_eff = 50.0000 → beta_x = 20.0000 (EMA α=0.3)
  [CEM iter 190] β_eff = 50.0000 → beta_x = 20.0000 (EMA α=0.3)
Iter 190: E = -40.679051 ± 0.000055  β_x = 20.000  CG 10it res=5.63e-09  sample_time=0.826s  ‖x‖=0.0011
  [CEM iter 195] β_eff = 50.0000 → beta_x = 20.0000 (EMA α=0.3)
  [CEM iter 200] β_eff = 50.0000 → beta_x = 20.0000 (EMA α=0.3)
Iter 200: E = -40.611798 ± 0.000015  β_x = 20.000  CG 9it res=6.19e-09  sample_time=0.717s  ‖x‖=0.0007
  [CEM iter 205] β_eff = 50.0000 → beta_x = 20.0000 (EMA α=0.3)
  [CEM iter 210] β_eff = 47.4576 → beta_x = 20.0000 (EMA α=0.3)
Iter 210: E = -40.611849 ± 0.000012  β_x = 20.000  CG 10it res=7.77e-10  sample_time=0.763s  ‖x‖=0.0006
  [CEM iter 215] β_eff = 43.8135 → beta_x = 20.0000 (EMA α=0.3)
  [CEM iter 220] β_eff = 50.0000 → beta_x = 20.0000 (EMA α=0.3)
Iter 220: E = -40.611782 ± 0.000010  β_x = 20.000  CG 9it res=6.62e-09  sample_time=0.717s  ‖x‖=0.0005
  [CEM iter 225] β_eff = 50.0000 → beta_x = 20.0000 (EMA α=0.3)
  [CEM iter 230] β_eff = 45.2289 → beta_x = 20.0000 (EMA α=0.3)
Iter 230: E = -40.611797 ± 0.000008  β_x = 20.000  CG 7it res=8.96e-09  sample_time=0.718s  ‖x‖=0.0004
  [CEM iter 235] β_eff = 43.6937 → beta_x = 20.0000 (EMA α=0.3)
  [CEM iter 240] β_eff = 47.7466 → beta_x = 20.0000 (EMA α=0.3)
Iter 240: E = -40.611818 ± 0.000007  β_x = 20.000  CG 9it res=7.58e-09  sample_time=0.732s  ‖x‖=0.0003
  [CEM iter 245] β_eff = 47.7589 → beta_x = 20.0000 (EMA α=0.3)
  [CEM iter 250] β_eff = 41.3920 → beta_x = 20.0000 (EMA α=0.3)
Iter 250: E = -40.611831 ± 0.000005  β_x = 20.000  CG 10it res=9.52e-10  sample_time=0.708s  ‖x‖=0.0003
  [CEM iter 255] β_eff = 50.0000 → beta_x = 20.0000 (EMA α=0.3)
  [CEM iter 260] β_eff = 31.2242 → beta_x = 20.0000 (EMA α=0.3)
Iter 260: E = -40.546526 ± 0.000048  β_x = 20.000  CG 9it res=9.71e-09  sample_time=0.777s  ‖x‖=0.0007
  [CEM iter 265] β_eff = 31.0480 → beta_x = 20.0000 (EMA α=0.3)
  [CEM iter 270] β_eff = 35.7318 → beta_x = 20.0000 (EMA α=0.3)
Iter 270: E = -40.546383 ± 0.000038  β_x = 20.000  CG 9it res=4.26e-09  sample_time=0.770s  ‖x‖=0.0006
  [CEM iter 275] β_eff = 31.2484 → beta_x = 20.0000 (EMA α=0.3)
  [CEM iter 280] β_eff = 29.9861 → beta_x = 20.0000 (EMA α=0.3)
Iter 280: E = -40.546613 ± 0.000033  β_x = 20.000  CG 9it res=3.17e-09  sample_time=0.754s  ‖x‖=0.0005
  [CEM iter 285] β_eff = 29.5523 → beta_x = 20.0000 (EMA α=0.3)
  [CEM iter 290] β_eff = 28.7115 → beta_x = 20.0000 (EMA α=0.3)
Iter 290: E = -40.479494 ± 0.000023  β_x = 20.000  CG 9it res=6.83e-09  sample_time=0.780s  ‖x‖=0.0004
  [CEM iter 295] β_eff = 29.9082 → beta_x = 20.0000 (EMA α=0.3)
Saved  → jax_results/tfim_1d/25/dimod/zephyr/result_1d_h1.0_rbmfull_nh25_lr0.01_reg1e-05_ns1000_seed1_iter300_cem1_sigma1.0.json
  Final energy : -40.479430
  Exact energy : -31.851942
  Error        : 8.627488
   263.6s  rbm=full  iters=300  rel_err=0.2709
[5/67] 1d N= 25  h=2.0  zephyr  lr=0.01  seed=1  [2.2 min left]  ETA ~4.5h
FullyConnectedRBM(n_visible=25, n_hidden=25)
<ising.TransverseFieldIsing1D object at 0x7feab43cfbb0>
namespace(model='1d', size=25, h=2.0, J=1.0, delta=1.0, alpha=2.0, rbm='full', n_hidden=25, sampler='dimod', sampling_method='zephyr', n_samples=1000, iterations=300, learning_rate=0.01, regularization=1e-05, cem=True, cem_interval=5, seed=1, visualize=False, output_dir='jax_results', sigma=1.0, lsb_steps=100, lsb_delta=1.0)
  [CEM] β scheduling ENABLED — estimating β_eff every 5 iteration(s) from joint LSB samples, EMA α=0.3
Checkpoint interval: 10
  [rbm_to_ising] beta_x = 1.0000
  [embedding] Running minorminer for (25, 'Advantage2_system1')...
  [embedding] Embedding found and cached for (25, 'Advantage2_system1').
  [CEM iter   0] β_eff = 50.0000 → beta_x = 15.7000 (EMA α=0.3)
Iter   0: E = -47.078976 ± 0.058320  β_x = 15.700  CG 131it res=3.31e-09  sample_time=3.185s  ‖x‖=23.9716
  [rbm_to_ising] beta_x = 15.7000
  [CEM iter   5] β_eff = 50.0000 → beta_x = 20.0000 (EMA α=0.3)
  [rbm_to_ising] beta_x = 20.0000
  [CEM iter  10] β_eff = 50.0000 → beta_x = 20.0000 (EMA α=0.3)
Iter  10: E = -53.728280 ± 0.000307  β_x = 20.000  CG 4it res=1.60e-12  sample_time=0.765s  ‖x‖=0.1026
  [CEM iter  15] β_eff = 50.0000 → beta_x = 20.0000 (EMA α=0.3)
  [CEM iter  20] β_eff = 50.0000 → beta_x = 20.0000 (EMA α=0.3)
Iter  20: E = -53.776476 ± 0.000462  β_x = 20.000  CG 6it res=3.40e-09  sample_time=0.726s  ‖x‖=0.0807
  [CEM iter  25] β_eff = 50.0000 → beta_x = 20.0000 (EMA α=0.3)
  [CEM iter  30] β_eff = 50.0000 → beta_x = 20.0000 (EMA α=0.3)
Iter  30: E = -53.786083 ± 0.000143  β_x = 20.000  CG 7it res=2.59e-13  sample_time=0.712s  ‖x‖=0.0454
  [CEM iter  35] β_eff = 50.0000 → beta_x = 20.0000 (EMA α=0.3)
  [CEM iter  40] β_eff = 50.0000 → beta_x = 20.0000 (EMA α=0.3)
Iter  40: E = -53.787114 ± 0.000165  β_x = 20.000  CG 6it res=5.99e-10  sample_time=0.782s  ‖x‖=0.1066
  [CEM iter  45] β_eff = 50.0000 → beta_x = 20.0000 (EMA α=0.3)
  [CEM iter  50] β_eff = 50.0000 → beta_x = 20.0000 (EMA α=0.3)
Iter  50: E = -53.793312 ± 0.000059  β_x = 20.000  CG 7it res=2.02e-14  sample_time=0.712s  ‖x‖=0.0229
  [CEM iter  55] β_eff = 50.0000 → beta_x = 20.0000 (EMA α=0.3)
  [CEM iter  60] β_eff = 50.0000 → beta_x = 20.0000 (EMA α=0.3)
Iter  60: E = -53.796304 ± 0.000052  β_x = 20.000  CG 5it res=7.89e-13  sample_time=0.716s  ‖x‖=0.0303
  [CEM iter  65] β_eff = 50.0000 → beta_x = 20.0000 (EMA α=0.3)
  [CEM iter  70] β_eff = 50.0000 → beta_x = 20.0000 (EMA α=0.3)
Iter  70: E = -53.798189 ± 0.000138  β_x = 20.000  CG 5it res=3.25e-13  sample_time=0.801s  ‖x‖=0.1027
  [CEM iter  75] β_eff = 50.0000 → beta_x = 20.0000 (EMA α=0.3)
  [CEM iter  80] β_eff = 50.0000 → beta_x = 20.0000 (EMA α=0.3)
Iter  80: E = -53.808391 ± 0.000103  β_x = 20.000  CG 5it res=8.47e-12  sample_time=0.863s  ‖x‖=0.0751
  [CEM iter  85] β_eff = 50.0000 → beta_x = 20.0000 (EMA α=0.3)
  [CEM iter  90] β_eff = 50.0000 → beta_x = 20.0000 (EMA α=0.3)
Iter  90: E = -53.814859 ± 0.000010  β_x = 20.000  CG 5it res=3.35e-11  sample_time=0.744s  ‖x‖=0.0132
  [CEM iter  95] β_eff = 50.0000 → beta_x = 20.0000 (EMA α=0.3)
  [CEM iter 100] β_eff = 50.0000 → beta_x = 20.0000 (EMA α=0.3)
Iter 100: E = -53.823063 ± 0.000007  β_x = 20.000  CG 4it res=4.98e-14  sample_time=0.753s  ‖x‖=0.0004
  [CEM iter 105] β_eff = 50.0000 → beta_x = 20.0000 (EMA α=0.3)
  [CEM iter 110] β_eff = 50.0000 → beta_x = 20.0000 (EMA α=0.3)
Iter 110: E = -53.827654 ± 0.000092  β_x = 20.000  CG 6it res=4.52e-09  sample_time=0.862s  ‖x‖=0.0701
  [CEM iter 115] β_eff = 50.0000 → beta_x = 20.0000 (EMA α=0.3)
  [CEM iter 120] β_eff = 50.0000 → beta_x = 20.0000 (EMA α=0.3)
Iter 120: E = -53.832746 ± 0.000003  β_x = 20.000  CG 3it res=7.32e-09  sample_time=0.867s  ‖x‖=0.0004
  [CEM iter 125] β_eff = 50.0000 → beta_x = 20.0000 (EMA α=0.3)
  [CEM iter 130] β_eff = 50.0000 → beta_x = 20.0000 (EMA α=0.3)
Iter 130: E = -53.844762 ± 0.000068  β_x = 20.000  CG 8it res=1.04e-11  sample_time=0.777s  ‖x‖=0.0518
  [CEM iter 135] β_eff = 50.0000 → beta_x = 20.0000 (EMA α=0.3)
  [CEM iter 140] β_eff = 49.4005 → beta_x = 20.0000 (EMA α=0.3)
Iter 140: E = -53.851070 ± 0.000002  β_x = 20.000  CG 4it res=2.55e-14  sample_time=0.747s  ‖x‖=0.0005
  [CEM iter 145] β_eff = 48.4688 → beta_x = 20.0000 (EMA α=0.3)
  [CEM iter 150] β_eff = 47.3941 → beta_x = 20.0000 (EMA α=0.3)
Iter 150: E = -53.868013 ± 0.000001  β_x = 20.000  CG 4it res=1.99e-14  sample_time=0.872s  ‖x‖=0.0003
  [CEM iter 155] β_eff = 49.1236 → beta_x = 20.0000 (EMA α=0.3)
  [CEM iter 160] β_eff = 44.2709 → beta_x = 20.0000 (EMA α=0.3)
Iter 160: E = -53.887378 ± 0.000199  β_x = 20.000  CG 11it res=6.67e-12  sample_time=0.805s  ‖x‖=0.0686
  [CEM iter 165] β_eff = 46.2283 → beta_x = 20.0000 (EMA α=0.3)
  [CEM iter 170] β_eff = 47.1157 → beta_x = 20.0000 (EMA α=0.3)
Iter 170: E = -53.913297 ± 0.000148  β_x = 20.000  CG 17it res=2.82e-10  sample_time=0.796s  ‖x‖=0.0861
  [CEM iter 175] β_eff = 45.3811 → beta_x = 20.0000 (EMA α=0.3)
  [CEM iter 180] β_eff = 49.5562 → beta_x = 20.0000 (EMA α=0.3)
Iter 180: E = -53.934663 ± 0.000169  β_x = 20.000  CG 16it res=2.32e-10  sample_time=1.143s  ‖x‖=0.0545
  [CEM iter 185] β_eff = 48.8363 → beta_x = 20.0000 (EMA α=0.3)
  [CEM iter 190] β_eff = 50.0000 → beta_x = 20.0000 (EMA α=0.3)
Iter 190: E = -53.958728 ± 0.000203  β_x = 20.000  CG 25it res=3.25e-10  sample_time=1.128s  ‖x‖=0.0436
  [CEM iter 195] β_eff = 50.0000 → beta_x = 20.0000 (EMA α=0.3)
  [CEM iter 200] β_eff = 50.0000 → beta_x = 20.0000 (EMA α=0.3)
Iter 200: E = -53.900741 ± 0.000087  β_x = 20.000  CG 23it res=1.68e-09  sample_time=1.367s  ‖x‖=0.0297
  [CEM iter 205] β_eff = 50.0000 → beta_x = 20.0000 (EMA α=0.3)
  [CEM iter 210] β_eff = 50.0000 → beta_x = 20.0000 (EMA α=0.3)
Iter 210: E = -53.917877 ± 0.000083  β_x = 20.000  CG 33it res=1.22e-09  sample_time=0.764s  ‖x‖=0.0412
  [CEM iter 215] β_eff = 50.0000 → beta_x = 20.0000 (EMA α=0.3)
  [CEM iter 220] β_eff = 50.0000 → beta_x = 20.0000 (EMA α=0.3)
Iter 220: E = -53.942612 ± 0.000044  β_x = 20.000  CG 35it res=2.56e-09  sample_time=0.857s  ‖x‖=0.1242
  [CEM iter 225] β_eff = 50.0000 → beta_x = 20.0000 (EMA α=0.3)
  [CEM iter 230] β_eff = 50.0000 → beta_x = 20.0000 (EMA α=0.3)
Iter 230: E = -53.961105 ± 0.000155  β_x = 20.000  CG 35it res=5.82e-09  sample_time=0.715s  ‖x‖=0.1546
  [CEM iter 235] β_eff = 50.0000 → beta_x = 20.0000 (EMA α=0.3)
  [CEM iter 240] β_eff = 50.0000 → beta_x = 20.0000 (EMA α=0.3)
Iter 240: E = -53.968778 ± 0.000038  β_x = 20.000  CG 30it res=9.83e-09  sample_time=0.770s  ‖x‖=0.0399
  [CEM iter 245] β_eff = 50.0000 → beta_x = 20.0000 (EMA α=0.3)
  [CEM iter 250] β_eff = 50.0000 → beta_x = 20.0000 (EMA α=0.3)
Iter 250: E = -54.001563 ± 0.000825  β_x = 20.000  CG 40it res=5.40e-09  sample_time=0.719s  ‖x‖=0.2527
  [CEM iter 255] β_eff = 50.0000 → beta_x = 20.0000 (EMA α=0.3)
  [CEM iter 260] β_eff = 50.0000 → beta_x = 20.0000 (EMA α=0.3)
Iter 260: E = -54.028516 ± 0.000219  β_x = 20.000  CG 29it res=1.27e-09  sample_time=0.722s  ‖x‖=0.0720
  [CEM iter 265] β_eff = 50.0000 → beta_x = 20.0000 (EMA α=0.3)
  [CEM iter 270] β_eff = 50.0000 → beta_x = 20.0000 (EMA α=0.3)
Iter 270: E = -54.019892 ± 0.000056  β_x = 20.000  CG 22it res=1.97e-09  sample_time=0.733s  ‖x‖=0.0390
  [CEM iter 275] β_eff = 50.0000 → beta_x = 20.0000 (EMA α=0.3)
  [CEM iter 280] β_eff = 50.0000 → beta_x = 20.0000 (EMA α=0.3)
Iter 280: E = -53.918031 ± 0.000022  β_x = 20.000  CG 15it res=2.58e-12  sample_time=0.859s  ‖x‖=0.0057
  [CEM iter 285] β_eff = 50.0000 → beta_x = 20.0000 (EMA α=0.3)
  [CEM iter 290] β_eff = 50.0000 → beta_x = 20.0000 (EMA α=0.3)
Iter 290: E = -53.918439 ± 0.000020  β_x = 20.000  CG 17it res=4.69e-09  sample_time=0.789s  ‖x‖=0.0085
  [CEM iter 295] β_eff = 50.0000 → beta_x = 20.0000 (EMA α=0.3)
Saved  → jax_results/tfim_1d/25/dimod/zephyr/result_1d_h2.0_rbmfull_nh25_lr0.01_reg1e-05_ns1000_seed1_iter300_cem1_sigma1.0.json
  Final energy : -53.918579
  Exact energy : -53.177221
  Error        : 0.741359
   267.1s  rbm=full  iters=300  rel_err=0.0139

[13:02:56]  Wall budget exhausted  (used 17.3/15.0 min, only -451 iters would fit — need 30). Stopping after 4 runs.

[13:02:56]  Finished in 0.29h
  Completed : 4
  Skipped   : 5  (already existed)
  Failed    : 1  → /home/phanussek/adiabatic-boltzmann/scripts/exper/experiment_dwave_qpu_failures.jsonl
JAX devices  : [CudaDevice(id=0)]
JAX version  : 0.9.2
Samplers     : zephyr, pegasus
Seeds        : [1]
Wall budget  : 15.0 min  (900 s)
Iters/run    : 300  @ 0.3 s/iter  (~90 s/run)
Output dir   : jax_results/

[14:13:33]  72 total  (63 pending, 9 already done)
  Fixed: reg=1e-05  ns=1000  iter=300  cem=on  cem_interval=5
  RBM: FullyConnectedRBM → DWaveTopologyRBM on embedding failure

[1/63] 1d N= 16  h=1.0  zephyr  lr=0.01  seed=1  [15.0 min left]
FullyConnectedRBM(n_visible=16, n_hidden=16)
<ising.TransverseFieldIsing1D object at 0x7f5bcc4f0830>
namespace(model='1d', size=16, h=1.0, J=1.0, delta=1.0, alpha=2.0, rbm='full', n_hidden=16, sampler='dimod', sampling_method='zephyr', n_samples=1000, iterations=300, learning_rate=0.01, regularization=1e-05, cem=True, cem_interval=5, seed=1, visualize=False, output_dir='jax_results', sigma=1.0, lsb_steps=100, lsb_delta=1.0)
  [CEM] β scheduling ENABLED — estimating β_eff every 5 iteration(s) from joint LSB samples, EMA α=0.3
Checkpoint interval: 10
  [rbm_to_ising] beta_x = 1.0000
  [embedding] Running minorminer for (16, 'Advantage2_system1')...
  [embedding] Embedding found and cached for (16, 'Advantage2_system1').
  [CEM iter   0] β_eff = 50.0000 → beta_x = 15.7000 (EMA α=0.3)
Iter   0: E = -14.644983 ± 0.060110  β_x = 15.700  CG 15it res=3.48e-11  sample_time=3.022s  ‖x‖=15.1047
  [rbm_to_ising] beta_x = 15.7000
  [CEM iter   5] β_eff = 50.0000 → beta_x = 20.0000 (EMA α=0.3)
  [rbm_to_ising] beta_x = 20.0000
  [CEM iter  10] β_eff = 50.0000 → beta_x = 20.0000 (EMA α=0.3)
Iter  10: E = -23.642506 ± 0.000457  β_x = 20.000  CG 10it res=3.11e-09  sample_time=0.761s  ‖x‖=0.0620
  [CEM iter  15] β_eff = 50.0000 → beta_x = 20.0000 (EMA α=0.3)
  [CEM iter  20] β_eff = 50.0000 → beta_x = 20.0000 (EMA α=0.3)
Iter  20: E = -23.618227 ± 0.000552  β_x = 20.000  CG 8it res=1.12e-09  sample_time=0.735s  ‖x‖=0.0428
  [CEM iter  25] β_eff = 50.0000 → beta_x = 20.0000 (EMA α=0.3)
  [CEM iter  30] β_eff = 50.0000 → beta_x = 20.0000 (EMA α=0.3)
Iter  30: E = -23.623999 ± 0.000523  β_x = 20.000  CG 8it res=8.73e-12  sample_time=0.791s  ‖x‖=0.0335
  [CEM iter  35] β_eff = 50.0000 → beta_x = 20.0000 (EMA α=0.3)
  [CEM iter  40] β_eff = 50.0000 → beta_x = 20.0000 (EMA α=0.3)
Iter  40: E = -23.628542 ± 0.000471  β_x = 20.000  CG 8it res=1.44e-11  sample_time=0.755s  ‖x‖=0.0269
  [CEM iter  45] β_eff = 50.0000 → beta_x = 20.0000 (EMA α=0.3)
  [CEM iter  50] β_eff = 50.0000 → beta_x = 20.0000 (EMA α=0.3)
Iter  50: E = -23.629876 ± 0.000406  β_x = 20.000  CG 7it res=2.31e-13  sample_time=0.790s  ‖x‖=0.0173
  [CEM iter  55] β_eff = 50.0000 → beta_x = 20.0000 (EMA α=0.3)
  [CEM iter  60] β_eff = 50.0000 → beta_x = 20.0000 (EMA α=0.3)
Iter  60: E = -23.630236 ± 0.000344  β_x = 20.000  CG 8it res=1.84e-12  sample_time=0.755s  ‖x‖=0.0191
  [CEM iter  65] β_eff = 50.0000 → beta_x = 20.0000 (EMA α=0.3)
  [CEM iter  70] β_eff = 50.0000 → beta_x = 20.0000 (EMA α=0.3)
Iter  70: E = -23.629347 ± 0.000281  β_x = 20.000  CG 7it res=2.45e-13  sample_time=0.709s  ‖x‖=0.0107
  [CEM iter  75] β_eff = 50.0000 → beta_x = 20.0000 (EMA α=0.3)
  [CEM iter  80] β_eff = 50.0000 → beta_x = 20.0000 (EMA α=0.3)
Iter  80: E = -23.630113 ± 0.000239  β_x = 20.000  CG 8it res=1.80e-13  sample_time=0.752s  ‖x‖=0.0130
  [CEM iter  85] β_eff = 50.0000 → beta_x = 20.0000 (EMA α=0.3)
  [CEM iter  90] β_eff = 50.0000 → beta_x = 20.0000 (EMA α=0.3)
Iter  90: E = -23.631916 ± 0.000195  β_x = 20.000  CG 8it res=2.51e-13  sample_time=0.722s  ‖x‖=0.0106
  [CEM iter  95] β_eff = 50.0000 → beta_x = 20.0000 (EMA α=0.3)
  [CEM iter 100] β_eff = 50.0000 → beta_x = 20.0000 (EMA α=0.3)
Iter 100: E = -23.631531 ± 0.000156  β_x = 20.000  CG 9it res=5.21e-13  sample_time=0.717s  ‖x‖=0.0129
  [CEM iter 105] β_eff = 50.0000 → beta_x = 20.0000 (EMA α=0.3)
  [CEM iter 110] β_eff = 50.0000 → beta_x = 20.0000 (EMA α=0.3)
Iter 110: E = -23.632934 ± 0.000130  β_x = 20.000  CG 8it res=1.55e-13  sample_time=0.693s  ‖x‖=0.0045
  [CEM iter 115] β_eff = 50.0000 → beta_x = 20.0000 (EMA α=0.3)
  [CEM iter 120] β_eff = 50.0000 → beta_x = 20.0000 (EMA α=0.3)
Iter 120: E = -23.633667 ± 0.000107  β_x = 20.000  CG 8it res=1.52e-13  sample_time=0.713s  ‖x‖=0.0055
  [CEM iter 125] β_eff = 50.0000 → beta_x = 20.0000 (EMA α=0.3)
  [CEM iter 130] β_eff = 50.0000 → beta_x = 20.0000 (EMA α=0.3)
Iter 130: E = -23.633836 ± 0.000084  β_x = 20.000  CG 8it res=1.27e-13  sample_time=0.768s  ‖x‖=0.0044
  [CEM iter 135] β_eff = 50.0000 → beta_x = 20.0000 (EMA α=0.3)
  [CEM iter 140] β_eff = 50.0000 → beta_x = 20.0000 (EMA α=0.3)
Iter 140: E = -23.634268 ± 0.000067  β_x = 20.000  CG 9it res=6.71e-12  sample_time=0.721s  ‖x‖=0.0295
  [CEM iter 145] β_eff = 50.0000 → beta_x = 20.0000 (EMA α=0.3)
  [CEM iter 150] β_eff = 50.0000 → beta_x = 20.0000 (EMA α=0.3)
Iter 150: E = -23.631180 ± 0.003736  β_x = 20.000  CG 10it res=8.10e-11  sample_time=0.742s  ‖x‖=3.2162
  [CEM iter 155] β_eff = 50.0000 → beta_x = 20.0000 (EMA α=0.3)
  [CEM iter 160] β_eff = 50.0000 → beta_x = 20.0000 (EMA α=0.3)
Iter 160: E = -23.539465 ± 0.000049  β_x = 20.000  CG 8it res=1.48e-12  sample_time=0.699s  ‖x‖=0.0098
  [CEM iter 165] β_eff = 50.0000 → beta_x = 20.0000 (EMA α=0.3)
  [CEM iter 170] β_eff = 50.0000 → beta_x = 20.0000 (EMA α=0.3)
Iter 170: E = -23.540556 ± 0.000038  β_x = 20.000  CG 8it res=1.85e-12  sample_time=0.711s  ‖x‖=0.0033
  [CEM iter 175] β_eff = 50.0000 → beta_x = 20.0000 (EMA α=0.3)
  [CEM iter 180] β_eff = 50.0000 → beta_x = 20.0000 (EMA α=0.3)
Iter 180: E = -23.541264 ± 0.000032  β_x = 20.000  CG 10it res=1.91e-09  sample_time=0.768s  ‖x‖=0.0149
  [CEM iter 185] β_eff = 50.0000 → beta_x = 20.0000 (EMA α=0.3)
  [CEM iter 190] β_eff = 50.0000 → beta_x = 20.0000 (EMA α=0.3)
Iter 190: E = -23.491449 ± 0.000015  β_x = 20.000  CG 8it res=8.42e-10  sample_time=0.716s  ‖x‖=0.0057
  [CEM iter 195] β_eff = 50.0000 → beta_x = 20.0000 (EMA α=0.3)
  [CEM iter 200] β_eff = 50.0000 → beta_x = 20.0000 (EMA α=0.3)
Iter 200: E = -23.492032 ± 0.000014  β_x = 20.000  CG 10it res=6.54e-11  sample_time=0.762s  ‖x‖=0.0155
  [CEM iter 205] β_eff = 50.0000 → beta_x = 20.0000 (EMA α=0.3)
  [CEM iter 210] β_eff = 50.0000 → beta_x = 20.0000 (EMA α=0.3)
Iter 210: E = -23.492419 ± 0.000010  β_x = 20.000  CG 10it res=3.37e-10  sample_time=0.693s  ‖x‖=0.0127
  [CEM iter 215] β_eff = 50.0000 → beta_x = 20.0000 (EMA α=0.3)
  [CEM iter 220] β_eff = 50.0000 → beta_x = 20.0000 (EMA α=0.3)
Iter 220: E = -23.493649 ± 0.000008  β_x = 20.000  CG 7it res=9.96e-09  sample_time=0.698s  ‖x‖=0.0023
  [CEM iter 225] β_eff = 50.0000 → beta_x = 20.0000 (EMA α=0.3)
  [CEM iter 230] β_eff = 50.0000 → beta_x = 20.0000 (EMA α=0.3)
Iter 230: E = -23.493886 ± 0.000007  β_x = 20.000  CG 13it res=4.37e-09  sample_time=0.694s  ‖x‖=0.0202
  [CEM iter 235] β_eff = 50.0000 → beta_x = 20.0000 (EMA α=0.3)
  [CEM iter 240] β_eff = 50.0000 → beta_x = 20.0000 (EMA α=0.3)
Iter 240: E = -23.494025 ± 0.000006  β_x = 20.000  CG 7it res=9.59e-09  sample_time=0.723s  ‖x‖=0.0014
  [CEM iter 245] β_eff = 50.0000 → beta_x = 20.0000 (EMA α=0.3)
  [CEM iter 250] β_eff = 50.0000 → beta_x = 20.0000 (EMA α=0.3)
Iter 250: E = -23.494230 ± 0.000097  β_x = 20.000  CG 9it res=2.04e-12  sample_time=0.791s  ‖x‖=0.0783
  [CEM iter 255] β_eff = 50.0000 → beta_x = 20.0000 (EMA α=0.3)
  [CEM iter 260] β_eff = 50.0000 → beta_x = 20.0000 (EMA α=0.3)
Iter 260: E = -23.495194 ± 0.000004  β_x = 20.000  CG 8it res=4.65e-09  sample_time=0.832s  ‖x‖=0.0009
  [CEM iter 265] β_eff = 50.0000 → beta_x = 20.0000 (EMA α=0.3)
  [CEM iter 270] β_eff = 50.0000 → beta_x = 20.0000 (EMA α=0.3)
Iter 270: E = -23.495258 ± 0.000004  β_x = 20.000  CG 13it res=3.80e-09  sample_time=0.703s  ‖x‖=0.0141
  [CEM iter 275] β_eff = 50.0000 → beta_x = 20.0000 (EMA α=0.3)
  [CEM iter 280] β_eff = 50.0000 → beta_x = 20.0000 (EMA α=0.3)
Iter 280: E = -23.495289 ± 0.000003  β_x = 20.000  CG 10it res=4.71e-09  sample_time=0.713s  ‖x‖=0.0106
  [CEM iter 285] β_eff = 50.0000 → beta_x = 20.0000 (EMA α=0.3)
  [CEM iter 290] β_eff = 50.0000 → beta_x = 20.0000 (EMA α=0.3)
Iter 290: E = -23.495285 ± 0.000004  β_x = 20.000  CG 12it res=2.25e-09  sample_time=0.706s  ‖x‖=0.0139
  [CEM iter 295] β_eff = 50.0000 → beta_x = 20.0000 (EMA α=0.3)
Saved  → jax_results/tfim_1d/16/dimod/zephyr/result_1d_h1.0_rbmfull_nh16_lr0.01_reg1e-05_ns1000_seed1_iter300_cem1_sigma1.0.json
  Final energy : -23.495329
  Exact energy : -20.404594
  Error        : 3.090734
   243.6s  rbm=full  iters=300  rel_err=0.1515
[2/63] 1d N= 36  h=0.5  zephyr  lr=0.01  seed=1  [10.9 min left]  ETA ~4.2h
FullyConnectedRBM(n_visible=36, n_hidden=36)
<ising.TransverseFieldIsing1D object at 0x7f5a5c14ac10>
namespace(model='1d', size=36, h=0.5, J=1.0, delta=1.0, alpha=2.0, rbm='full', n_hidden=36, sampler='dimod', sampling_method='zephyr', n_samples=1000, iterations=300, learning_rate=0.01, regularization=1e-05, cem=True, cem_interval=5, seed=1, visualize=False, output_dir='jax_results', sigma=1.0, lsb_steps=100, lsb_delta=1.0)
  [CEM] β scheduling ENABLED — estimating β_eff every 5 iteration(s) from joint LSB samples, EMA α=0.3
Checkpoint interval: 10
  [rbm_to_ising] beta_x = 1.0000
  [embedding] Running minorminer for (36, 'Advantage2_system1')...
  [embedding] Embedding found and cached for (36, 'Advantage2_system1').
  [CEM iter   0] β_eff = 50.0000 → beta_x = 15.7000 (EMA α=0.3)
Iter   0: E = -12.522673 ± 0.102789  β_x = 15.700  CG 200it res=2.93e-04  sample_time=3.505s  ‖x‖=81.3880
  [rbm_to_ising] beta_x = 15.7000
  [CEM iter   5] β_eff = 11.3988 → beta_x = 14.4096 (EMA α=0.3)
  [rbm_to_ising] beta_x = 14.4096
  [CEM iter  10] β_eff = 9.5288 → beta_x = 12.9454 (EMA α=0.3)
Iter  10: E = -50.494689 ± 0.025748  β_x = 12.945  CG 15it res=4.07e-11  sample_time=0.794s  ‖x‖=2.5166
  [rbm_to_ising] beta_x = 12.9454
  [CEM iter  15] β_eff = 8.3458 → beta_x = 11.5655 (EMA α=0.3)
  [rbm_to_ising] beta_x = 11.5655
  [CEM iter  20] β_eff = 8.2451 → beta_x = 10.5694 (EMA α=0.3)
Iter  20: E = -50.193578 ± 0.003556  β_x = 10.569  CG 2it res=1.08e-14  sample_time=0.774s  ‖x‖=1.1109
  [rbm_to_ising] beta_x = 10.5694
  [CEM iter  25] β_eff = 8.0685 → beta_x = 9.8191 (EMA α=0.3)
  [rbm_to_ising] beta_x = 9.8191
  [CEM iter  30] β_eff = 8.1703 → beta_x = 9.3245 (EMA α=0.3)
Iter  30: E = -50.089342 ± 0.003685  β_x = 9.324  CG 2it res=1.39e-13  sample_time=0.784s  ‖x‖=1.1357
  [rbm_to_ising] beta_x = 9.3245
  [CEM iter  35] β_eff = 7.8676 → beta_x = 8.8874 (EMA α=0.3)
  [rbm_to_ising] beta_x = 8.8874
  [CEM iter  40] β_eff = 7.9852 → beta_x = 8.6168 (EMA α=0.3)
Iter  40: E = -49.886199 ± 0.005232  β_x = 8.617  CG 3it res=4.75e-12  sample_time=0.806s  ‖x‖=1.5522
  [rbm_to_ising] beta_x = 8.6168
  [CEM iter  45] β_eff = 7.9809 → beta_x = 8.4260 (EMA α=0.3)
  [rbm_to_ising] beta_x = 8.4260
  [CEM iter  50] β_eff = 8.0985 → beta_x = 8.3277 (EMA α=0.3)
Iter  50: E = -49.803089 ± 0.000421  β_x = 8.328  CG 1it res=3.84e-14  sample_time=0.803s  ‖x‖=0.0040
  [rbm_to_ising] beta_x = 8.3277
  [CEM iter  55] β_eff = 8.0038 → beta_x = 8.2306 (EMA α=0.3)
  [rbm_to_ising] beta_x = 8.2306
  [CEM iter  60] β_eff = 7.7351 → beta_x = 8.0819 (EMA α=0.3)
Iter  60: E = -49.726928 ± 0.003595  β_x = 8.082  CG 2it res=4.90e-14  sample_time=0.841s  ‖x‖=1.0963
  [rbm_to_ising] beta_x = 8.0819
  [CEM iter  65] β_eff = 8.1302 → beta_x = 8.0964 (EMA α=0.3)
  [CEM iter  70] β_eff = 8.3328 → beta_x = 8.1673 (EMA α=0.3)
Iter  70: E = -49.639160 ± 0.000367  β_x = 8.167  CG 1it res=4.65e-14  sample_time=0.871s  ‖x‖=0.0035
  [rbm_to_ising] beta_x = 8.1673
  [CEM iter  75] β_eff = 8.3164 → beta_x = 8.2121 (EMA α=0.3)
  [CEM iter  80] β_eff = 8.0096 → beta_x = 8.1513 (EMA α=0.3)
Iter  80: E = -49.578219 ± 0.000333  β_x = 8.151  CG 1it res=1.49e-14  sample_time=0.940s  ‖x‖=0.0032
  [CEM iter  85] β_eff = 8.6511 → beta_x = 8.3013 (EMA α=0.3)
  [rbm_to_ising] beta_x = 8.3013
  [CEM iter  90] β_eff = 8.6314 → beta_x = 8.4003 (EMA α=0.3)
Iter  90: E = -49.546906 ± 0.000315  β_x = 8.400  CG 1it res=1.63e-14  sample_time=0.803s  ‖x‖=0.0030
  [rbm_to_ising] beta_x = 8.4003
  [CEM iter  95] β_eff = 8.7033 → beta_x = 8.4912 (EMA α=0.3)
  [rbm_to_ising] beta_x = 8.4912
  [CEM iter 100] β_eff = 9.2260 → beta_x = 8.7116 (EMA α=0.3)
Iter 100: E = -49.456092 ± 0.000297  β_x = 8.712  CG 1it res=1.06e-13  sample_time=0.792s  ‖x‖=0.0028
  [rbm_to_ising] beta_x = 8.7116
  [CEM iter 105] β_eff = 8.3474 → beta_x = 8.6024 (EMA α=0.3)
  [rbm_to_ising] beta_x = 8.6024
  [CEM iter 110] β_eff = 8.3596 → beta_x = 8.5295 (EMA α=0.3)
Iter 110: E = -49.332669 ± 0.000279  β_x = 8.530  CG 1it res=1.06e-13  sample_time=0.818s  ‖x‖=0.0027
  [CEM iter 115] β_eff = 8.3213 → beta_x = 8.4670 (EMA α=0.3)
  [rbm_to_ising] beta_x = 8.4670
  [CEM iter 120] β_eff = 8.8225 → beta_x = 8.5737 (EMA α=0.3)
Iter 120: E = -49.267062 ± 0.003555  β_x = 8.574  CG 2it res=1.53e-13  sample_time=0.779s  ‖x‖=1.0151
  [rbm_to_ising] beta_x = 8.5737
  [CEM iter 125] β_eff = 7.7310 → beta_x = 8.3209 (EMA α=0.3)
  [rbm_to_ising] beta_x = 8.3209
  [CEM iter 130] β_eff = 7.8299 → beta_x = 8.1736 (EMA α=0.3)
Iter 130: E = -49.146189 ± 0.003559  β_x = 8.174  CG 2it res=1.32e-14  sample_time=0.807s  ‖x‖=1.0250
  [rbm_to_ising] beta_x = 8.1736
  [CEM iter 135] β_eff = 7.9754 → beta_x = 8.1141 (EMA α=0.3)
  [CEM iter 140] β_eff = 7.8747 → beta_x = 8.0423 (EMA α=0.3)
Iter 140: E = -49.091073 ± 0.000243  β_x = 8.042  CG 1it res=1.43e-13  sample_time=0.801s  ‖x‖=0.0023
  [rbm_to_ising] beta_x = 8.0423
  [CEM iter 145] β_eff = 8.0431 → beta_x = 8.0425 (EMA α=0.3)
  [CEM iter 150] β_eff = 7.7237 → beta_x = 7.9469 (EMA α=0.3)
Iter 150: E = -49.090302 ± 0.000221  β_x = 7.947  CG 1it res=5.11e-14  sample_time=0.777s  ‖x‖=0.0021
  [rbm_to_ising] beta_x = 7.9469
  [CEM iter 155] β_eff = 7.8682 → beta_x = 7.9233 (EMA α=0.3)
  [CEM iter 160] β_eff = 7.9929 → beta_x = 7.9442 (EMA α=0.3)
Iter 160: E = -49.061046 ± 0.000213  β_x = 7.944  CG 1it res=7.13e-14  sample_time=0.797s  ‖x‖=0.0020
  [CEM iter 165] β_eff = 8.3365 → beta_x = 8.0619 (EMA α=0.3)
  [rbm_to_ising] beta_x = 8.0619
  [CEM iter 170] β_eff = 7.9878 → beta_x = 8.0397 (EMA α=0.3)
Iter 170: E = -49.029569 ± 0.000190  β_x = 8.040  CG 1it res=7.41e-14  sample_time=0.791s  ‖x‖=0.0018
  [CEM iter 175] β_eff = 8.2391 → beta_x = 8.0995 (EMA α=0.3)
  [CEM iter 180] β_eff = 7.6087 → beta_x = 7.9522 (EMA α=0.3)
Iter 180: E = -48.998703 ± 0.000181  β_x = 7.952  CG 1it res=8.80e-14  sample_time=0.830s  ‖x‖=0.0017
  [rbm_to_ising] beta_x = 7.9522
  [CEM iter 185] β_eff = 7.4748 → beta_x = 7.8090 (EMA α=0.3)
  [rbm_to_ising] beta_x = 7.8090
  [CEM iter 190] β_eff = 7.6087 → beta_x = 7.7489 (EMA α=0.3)
Iter 190: E = -48.970227 ± 0.000174  β_x = 7.749  CG 1it res=6.68e-14  sample_time=0.809s  ‖x‖=0.0017
  [CEM iter 195] β_eff = 7.7555 → beta_x = 7.7509 (EMA α=0.3)
  [CEM iter 200] β_eff = 7.7581 → beta_x = 7.7531 (EMA α=0.3)
Iter 200: E = -48.970654 ± 0.000165  β_x = 7.753  CG 1it res=8.33e-14  sample_time=0.772s  ‖x‖=0.0016
  [CEM iter 205] β_eff = 7.9821 → beta_x = 7.8218 (EMA α=0.3)
  [CEM iter 210] β_eff = 7.7245 → beta_x = 7.7926 (EMA α=0.3)
Iter 210: E = -48.970694 ± 0.000154  β_x = 7.793  CG 1it res=3.55e-14  sample_time=0.826s  ‖x‖=0.0015
  [CEM iter 215] β_eff = 8.0620 → beta_x = 7.8734 (EMA α=0.3)
  [CEM iter 220] β_eff = 8.1215 → beta_x = 7.9478 (EMA α=0.3)
Iter 220: E = -48.971030 ± 0.000145  β_x = 7.948  CG 1it res=1.32e-13  sample_time=0.802s  ‖x‖=0.0014
  [rbm_to_ising] beta_x = 7.9478
  [CEM iter 225] β_eff = 8.7097 → beta_x = 8.1764 (EMA α=0.3)
  [rbm_to_ising] beta_x = 8.1764
  [CEM iter 230] β_eff = 8.2649 → beta_x = 8.2030 (EMA α=0.3)
Iter 230: E = -48.910290 ± 0.000124  β_x = 8.203  CG 1it res=8.02e-14  sample_time=0.791s  ‖x‖=0.0012
  [CEM iter 235] β_eff = 8.4213 → beta_x = 8.2685 (EMA α=0.3)
  [rbm_to_ising] beta_x = 8.2685
  [CEM iter 240] β_eff = 8.4761 → beta_x = 8.3308 (EMA α=0.3)
Iter 240: E = -48.910759 ± 0.000118  β_x = 8.331  CG 1it res=6.32e-14  sample_time=0.789s  ‖x‖=0.0011
  [CEM iter 245] β_eff = 8.5303 → beta_x = 8.3906 (EMA α=0.3)
  [rbm_to_ising] beta_x = 8.3906
  [CEM iter 250] β_eff = 8.1563 → beta_x = 8.3203 (EMA α=0.3)
Iter 250: E = -48.828529 ± 0.000101  β_x = 8.320  CG 1it res=1.49e-13  sample_time=0.800s  ‖x‖=0.0010
  [CEM iter 255] β_eff = 7.8819 → beta_x = 8.1888 (EMA α=0.3)
  [rbm_to_ising] beta_x = 8.1888
  [CEM iter 260] β_eff = 8.1265 → beta_x = 8.1701 (EMA α=0.3)
Iter 260: E = -48.828527 ± 0.000094  β_x = 8.170  CG 1it res=2.29e-14  sample_time=0.842s  ‖x‖=0.0009
  [CEM iter 265] β_eff = 8.1585 → beta_x = 8.1666 (EMA α=0.3)
  [CEM iter 270] β_eff = 8.2542 → beta_x = 8.1929 (EMA α=0.3)
Iter 270: E = -48.800792 ± 0.000083  β_x = 8.193  CG 1it res=4.56e-14  sample_time=0.800s  ‖x‖=0.0008
  [CEM iter 275] β_eff = 8.7333 → beta_x = 8.3550 (EMA α=0.3)
  [rbm_to_ising] beta_x = 8.3550
  [CEM iter 280] β_eff = 8.6541 → beta_x = 8.4447 (EMA α=0.3)
Iter 280: E = -48.801232 ± 0.000078  β_x = 8.445  CG 1it res=1.44e-13  sample_time=0.794s  ‖x‖=0.0007
  [rbm_to_ising] beta_x = 8.4447
  [CEM iter 285] β_eff = 8.5661 → beta_x = 8.4811 (EMA α=0.3)
  [CEM iter 290] β_eff = 8.3983 → beta_x = 8.4563 (EMA α=0.3)
Iter 290: E = -48.800746 ± 0.000073  β_x = 8.456  CG 1it res=1.48e-14  sample_time=0.794s  ‖x‖=0.0007
  [CEM iter 295] β_eff = 8.3486 → beta_x = 8.4240 (EMA α=0.3)
Saved  → jax_results/tfim_1d/36/dimod/zephyr/result_1d_h0.5_rbmfull_nh36_lr0.01_reg1e-05_ns1000_seed1_iter300_cem1_sigma1.0.json
  Final energy : -48.800914
  Exact energy : -38.287599
  Error        : 10.513316
   259.6s  rbm=full  iters=300  rel_err=0.2746
[3/63] 1d N= 36  h=1.0  zephyr  lr=0.01  seed=1  [6.6 min left]  ETA ~4.3h
FullyConnectedRBM(n_visible=36, n_hidden=36)
<ising.TransverseFieldIsing1D object at 0x7f5a5c14aad0>
namespace(model='1d', size=36, h=1.0, J=1.0, delta=1.0, alpha=2.0, rbm='full', n_hidden=36, sampler='dimod', sampling_method='zephyr', n_samples=1000, iterations=300, learning_rate=0.01, regularization=1e-05, cem=True, cem_interval=5, seed=1, visualize=False, output_dir='jax_results', sigma=1.0, lsb_steps=100, lsb_delta=1.0)
  [CEM] β scheduling ENABLED — estimating β_eff every 5 iteration(s) from joint LSB samples, EMA α=0.3
Checkpoint interval: 10
  [rbm_to_ising] beta_x = 1.0000
  [embedding] Running minorminer for (36, 'Advantage2_system1')...
  [embedding] Embedding found and cached for (36, 'Advantage2_system1').
  [CEM iter   0] β_eff = 50.0000 → beta_x = 15.7000 (EMA α=0.3)
Iter   0: E = -28.605001 ± 0.093654  β_x = 15.700  CG 200it res=3.23e-04  sample_time=9.264s  ‖x‖=49.9327
  [rbm_to_ising] beta_x = 15.7000
  [CEM iter   5] β_eff = 50.0000 → beta_x = 20.0000 (EMA α=0.3)
  [rbm_to_ising] beta_x = 20.0000
  [CEM iter  10] β_eff = 50.0000 → beta_x = 20.0000 (EMA α=0.3)
Iter  10: E = -57.556049 ± 0.004302  β_x = 20.000  CG 31it res=9.73e-09  sample_time=0.734s  ‖x‖=0.1630
  [CEM iter  15] β_eff = 35.2633 → beta_x = 20.0000 (EMA α=0.3)
  [CEM iter  20] β_eff = 36.0212 → beta_x = 20.0000 (EMA α=0.3)
Iter  20: E = -57.476152 ± 0.006200  β_x = 20.000  CG 54it res=2.08e-09  sample_time=0.757s  ‖x‖=17.6064
  [CEM iter  25] β_eff = 50.0000 → beta_x = 20.0000 (EMA α=0.3)
  [CEM iter  30] β_eff = 46.3423 → beta_x = 20.0000 (EMA α=0.3)
Iter  30: E = -64.380860 ± 0.002888  β_x = 20.000  CG 2it res=3.33e-14  sample_time=0.790s  ‖x‖=0.0570
  [CEM iter  35] β_eff = 47.3167 → beta_x = 20.0000 (EMA α=0.3)
  [CEM iter  40] β_eff = 44.2847 → beta_x = 20.0000 (EMA α=0.3)
Iter  40: E = -64.290075 ± 0.005617  β_x = 20.000  CG 4it res=8.78e-10  sample_time=0.810s  ‖x‖=2.1587
  [CEM iter  45] β_eff = 43.3228 → beta_x = 20.0000 (EMA α=0.3)
  [CEM iter  50] β_eff = 43.6796 → beta_x = 20.0000 (EMA α=0.3)
Iter  50: E = -64.048708 ± 0.001756  β_x = 20.000  CG 2it res=1.04e-13  sample_time=0.768s  ‖x‖=0.0376
  [CEM iter  55] β_eff = 38.9393 → beta_x = 20.0000 (EMA α=0.3)
  [CEM iter  60] β_eff = 44.0334 → beta_x = 20.0000 (EMA α=0.3)
Iter  60: E = -64.074184 ± 0.001368  β_x = 20.000  CG 2it res=1.80e-13  sample_time=0.783s  ‖x‖=0.0311
  [CEM iter  65] β_eff = 44.4821 → beta_x = 20.0000 (EMA α=0.3)
  [CEM iter  70] β_eff = 46.7570 → beta_x = 20.0000 (EMA α=0.3)
Iter  70: E = -64.036990 ± 0.001473  β_x = 20.000  CG 3it res=1.45e-13  sample_time=0.764s  ‖x‖=0.0402
  [CEM iter  75] β_eff = 45.0504 → beta_x = 20.0000 (EMA α=0.3)
  [CEM iter  80] β_eff = 46.6879 → beta_x = 20.0000 (EMA α=0.3)
Iter  80: E = -64.048001 ± 0.000820  β_x = 20.000  CG 3it res=4.66e-14  sample_time=0.765s  ‖x‖=0.0328
  [CEM iter  85] β_eff = 48.1255 → beta_x = 20.0000 (EMA α=0.3)
  [CEM iter  90] β_eff = 46.1657 → beta_x = 20.0000 (EMA α=0.3)
Iter  90: E = -64.065584 ± 0.000780  β_x = 20.000  CG 2it res=1.05e-13  sample_time=0.774s  ‖x‖=0.0182
  [CEM iter  95] β_eff = 50.0000 → beta_x = 20.0000 (EMA α=0.3)
  [CEM iter 100] β_eff = 49.8061 → beta_x = 20.0000 (EMA α=0.3)
Iter 100: E = -64.082639 ± 0.000551  β_x = 20.000  CG 3it res=5.10e-14  sample_time=0.820s  ‖x‖=0.0228
  [CEM iter 105] β_eff = 50.0000 → beta_x = 20.0000 (EMA α=0.3)
  [CEM iter 110] β_eff = 50.0000 → beta_x = 20.0000 (EMA α=0.3)
Iter 110: E = -64.024584 ± 0.000728  β_x = 20.000  CG 3it res=1.33e-13  sample_time=0.882s  ‖x‖=0.0193
  [CEM iter 115] β_eff = 50.0000 → beta_x = 20.0000 (EMA α=0.3)
  [CEM iter 120] β_eff = 50.0000 → beta_x = 20.0000 (EMA α=0.3)
Iter 120: E = -64.035441 ± 0.000577  β_x = 20.000  CG 4it res=3.01e-13  sample_time=0.822s  ‖x‖=0.0687
  [CEM iter 125] β_eff = 50.0000 → beta_x = 20.0000 (EMA α=0.3)
  [CEM iter 130] β_eff = 50.0000 → beta_x = 20.0000 (EMA α=0.3)
Iter 130: E = -64.048052 ± 0.000342  β_x = 20.000  CG 3it res=3.72e-14  sample_time=0.747s  ‖x‖=0.0598
  [CEM iter 135] β_eff = 50.0000 → beta_x = 20.0000 (EMA α=0.3)
  [CEM iter 140] β_eff = 50.0000 → beta_x = 20.0000 (EMA α=0.3)
Iter 140: E = -64.067015 ± 0.000453  β_x = 20.000  CG 4it res=1.49e-13  sample_time=0.858s  ‖x‖=0.0500
  [CEM iter 145] β_eff = 50.0000 → beta_x = 20.0000 (EMA α=0.3)
  [CEM iter 150] β_eff = 50.0000 → beta_x = 20.0000 (EMA α=0.3)
Iter 150: E = -64.022085 ± 0.000303  β_x = 20.000  CG 5it res=4.73e-09  sample_time=0.756s  ‖x‖=0.0436
  [CEM iter 155] β_eff = 50.0000 → beta_x = 20.0000 (EMA α=0.3)
  [CEM iter 160] β_eff = 50.0000 → beta_x = 20.0000 (EMA α=0.3)
Iter 160: E = -64.036320 ± 0.000265  β_x = 20.000  CG 3it res=6.14e-14  sample_time=0.748s  ‖x‖=0.0252
  [CEM iter 165] β_eff = 47.6197 → beta_x = 20.0000 (EMA α=0.3)
  [CEM iter 170] β_eff = 50.0000 → beta_x = 20.0000 (EMA α=0.3)
Iter 170: E = -63.982803 ± 0.000213  β_x = 20.000  CG 4it res=3.22e-13  sample_time=0.779s  ‖x‖=0.0173
  [CEM iter 175] β_eff = 50.0000 → beta_x = 20.0000 (EMA α=0.3)
  [CEM iter 180] β_eff = 45.7562 → beta_x = 20.0000 (EMA α=0.3)
Iter 180: E = -63.993634 ± 0.000166  β_x = 20.000  CG 5it res=2.56e-10  sample_time=0.764s  ‖x‖=0.0273
  [CEM iter 185] β_eff = 50.0000 → beta_x = 20.0000 (EMA α=0.3)
  [CEM iter 190] β_eff = 50.0000 → beta_x = 20.0000 (EMA α=0.3)
Iter 190: E = -64.002747 ± 0.000181  β_x = 20.000  CG 7it res=3.94e-11  sample_time=0.754s  ‖x‖=0.0397
  [CEM iter 195] β_eff = 50.0000 → beta_x = 20.0000 (EMA α=0.3)
  [CEM iter 200] β_eff = 50.0000 → beta_x = 20.0000 (EMA α=0.3)
Iter 200: E = -64.010145 ± 0.000250  β_x = 20.000  CG 7it res=2.28e-11  sample_time=0.748s  ‖x‖=0.0316
  [CEM iter 205] β_eff = 50.0000 → beta_x = 20.0000 (EMA α=0.3)
  [CEM iter 210] β_eff = 37.3012 → beta_x = 20.0000 (EMA α=0.3)
Iter 210: E = -63.945390 ± 0.000194  β_x = 20.000  CG 6it res=1.33e-09  sample_time=0.795s  ‖x‖=0.0245
  [CEM iter 215] β_eff = 40.7286 → beta_x = 20.0000 (EMA α=0.3)
  [CEM iter 220] β_eff = 41.1443 → beta_x = 20.0000 (EMA α=0.3)
Iter 220: E = -63.948510 ± 0.000171  β_x = 20.000  CG 6it res=6.98e-11  sample_time=0.771s  ‖x‖=0.0193
  [CEM iter 225] β_eff = 50.0000 → beta_x = 20.0000 (EMA α=0.3)
  [CEM iter 230] β_eff = 50.0000 → beta_x = 20.0000 (EMA α=0.3)
Iter 230: E = -63.876364 ± 0.000145  β_x = 20.000  CG 6it res=8.61e-11  sample_time=0.782s  ‖x‖=0.0153
  [CEM iter 235] β_eff = 50.0000 → beta_x = 20.0000 (EMA α=0.3)
  [CEM iter 240] β_eff = 47.9889 → beta_x = 20.0000 (EMA α=0.3)
Iter 240: E = -63.877851 ± 0.000134  β_x = 20.000  CG 6it res=4.94e-11  sample_time=0.791s  ‖x‖=0.0122
  [CEM iter 245] β_eff = 50.0000 → beta_x = 20.0000 (EMA α=0.3)
  [CEM iter 250] β_eff = 50.0000 → beta_x = 20.0000 (EMA α=0.3)
Iter 250: E = -63.809706 ± 0.000120  β_x = 20.000  CG 6it res=7.52e-11  sample_time=0.769s  ‖x‖=0.0097
  [CEM iter 255] β_eff = 48.1845 → beta_x = 20.0000 (EMA α=0.3)
  [CEM iter 260] β_eff = 50.0000 → beta_x = 20.0000 (EMA α=0.3)
Iter 260: E = -63.817413 ± 0.000104  β_x = 20.000  CG 6it res=3.48e-12  sample_time=0.813s  ‖x‖=0.0079
  [CEM iter 265] β_eff = 50.0000 → beta_x = 20.0000 (EMA α=0.3)
  [CEM iter 270] β_eff = 50.0000 → beta_x = 20.0000 (EMA α=0.3)
Iter 270: E = -63.818310 ± 0.000092  β_x = 20.000  CG 6it res=8.31e-11  sample_time=0.741s  ‖x‖=0.0064
  [CEM iter 275] β_eff = 50.0000 → beta_x = 20.0000 (EMA α=0.3)
  [CEM iter 280] β_eff = 50.0000 → beta_x = 20.0000 (EMA α=0.3)
Iter 280: E = -63.819711 ± 0.000102  β_x = 20.000  CG 6it res=2.04e-09  sample_time=0.726s  ‖x‖=0.0052
  [CEM iter 285] β_eff = 50.0000 → beta_x = 20.0000 (EMA α=0.3)
  [CEM iter 290] β_eff = 50.0000 → beta_x = 20.0000 (EMA α=0.3)
Iter 290: E = -63.819689 ± 0.000069  β_x = 20.000  CG 6it res=6.17e-12  sample_time=0.792s  ‖x‖=0.0042
  [CEM iter 295] β_eff = 48.6562 → beta_x = 20.0000 (EMA α=0.3)
Saved  → jax_results/tfim_1d/36/dimod/zephyr/result_1d_h1.0_rbmfull_nh36_lr0.01_reg1e-05_ns1000_seed1_iter300_cem1_sigma1.0.json
  Final energy : -63.820276
  Exact energy : -45.851171
  Error        : 17.969105
   271.8s  rbm=full  iters=300  rel_err=0.3919
[4/63] 1d N= 36  h=2.0  zephyr  lr=0.01  seed=1  [2.1 min left]  ETA ~4.3h
FullyConnectedRBM(n_visible=36, n_hidden=36)
<ising.TransverseFieldIsing1D object at 0x7f5a54679e00>
namespace(model='1d', size=36, h=2.0, J=1.0, delta=1.0, alpha=2.0, rbm='full', n_hidden=36, sampler='dimod', sampling_method='zephyr', n_samples=1000, iterations=300, learning_rate=0.01, regularization=1e-05, cem=True, cem_interval=5, seed=1, visualize=False, output_dir='jax_results', sigma=1.0, lsb_steps=100, lsb_delta=1.0)
  [CEM] β scheduling ENABLED — estimating β_eff every 5 iteration(s) from joint LSB samples, EMA α=0.3
Checkpoint interval: 10
  [rbm_to_ising] beta_x = 1.0000
  [embedding] Running minorminer for (36, 'Advantage2_system1')...
  [embedding] Embedding found and cached for (36, 'Advantage2_system1').
  [CEM iter   0] β_eff = 50.0000 → beta_x = 15.7000 (EMA α=0.3)
Iter   0: E = -64.131145 ± 0.102128  β_x = 15.700  CG 200it res=1.80e-05  sample_time=17.295s  ‖x‖=57.1210
  [rbm_to_ising] beta_x = 15.7000
  [CEM iter   5] β_eff = 17.1410 → beta_x = 16.1323 (EMA α=0.3)
  [rbm_to_ising] beta_x = 16.1323
  [CEM iter  10] β_eff = 17.9181 → beta_x = 16.6680 (EMA α=0.3)
Iter  10: E = -97.707152 ± 0.002178  β_x = 16.668  CG 9it res=3.73e-13  sample_time=0.797s  ‖x‖=0.1531
  [rbm_to_ising] beta_x = 16.6680
  [CEM iter  15] β_eff = 19.4191 → beta_x = 17.4934 (EMA α=0.3)
  [rbm_to_ising] beta_x = 17.4934
  [CEM iter  20] β_eff = 19.2955 → beta_x = 18.0340 (EMA α=0.3)
Iter  20: E = -97.328841 ± 0.002785  β_x = 18.034  CG 11it res=1.58e-09  sample_time=0.804s  ‖x‖=0.1025
  [rbm_to_ising] beta_x = 18.0340
  [CEM iter  25] β_eff = 18.4247 → beta_x = 18.1512 (EMA α=0.3)
  [CEM iter  30] β_eff = 21.6164 → beta_x = 19.1908 (EMA α=0.3)
Iter  30: E = -97.262071 ± 0.001359  β_x = 19.191  CG 7it res=9.75e-13  sample_time=0.793s  ‖x‖=0.0422
  [rbm_to_ising] beta_x = 19.1908
  [CEM iter  35] β_eff = 20.0846 → beta_x = 19.4589 (EMA α=0.3)
  [rbm_to_ising] beta_x = 19.4589
  [CEM iter  40] β_eff = 20.8973 → beta_x = 19.8904 (EMA α=0.3)
Iter  40: E = -97.124038 ± 0.003546  β_x = 19.890  CG 11it res=5.13e-11  sample_time=0.795s  ‖x‖=1.5333
  [rbm_to_ising] beta_x = 19.8904
  [CEM iter  45] β_eff = 20.4041 → beta_x = 20.0000 (EMA α=0.3)
  [CEM iter  50] β_eff = 23.0646 → beta_x = 20.0000 (EMA α=0.3)
Iter  50: E = -96.875183 ± 0.000693  β_x = 20.000  CG 9it res=2.99e-10  sample_time=0.796s  ‖x‖=0.0304
  [CEM iter  55] β_eff = 21.7274 → beta_x = 20.0000 (EMA α=0.3)
  [CEM iter  60] β_eff = 21.8289 → beta_x = 20.0000 (EMA α=0.3)
Iter  60: E = -96.747652 ± 0.000397  β_x = 20.000  CG 6it res=1.58e-09  sample_time=0.770s  ‖x‖=0.0135
  [CEM iter  65] β_eff = 22.9184 → beta_x = 20.0000 (EMA α=0.3)
  [CEM iter  70] β_eff = 20.6466 → beta_x = 20.0000 (EMA α=0.3)
Iter  70: E = -96.623069 ± 0.000291  β_x = 20.000  CG 8it res=1.54e-11  sample_time=0.773s  ‖x‖=0.0139
  [CEM iter  75] β_eff = 19.5395 → beta_x = 19.8619 (EMA α=0.3)
  [CEM iter  80] β_eff = 21.0174 → beta_x = 20.0000 (EMA α=0.3)
Iter  80: E = -96.631562 ± 0.000285  β_x = 20.000  CG 7it res=1.97e-13  sample_time=0.787s  ‖x‖=0.0066
  [CEM iter  85] β_eff = 21.1863 → beta_x = 20.0000 (EMA α=0.3)
  [CEM iter  90] β_eff = 20.0720 → beta_x = 20.0000 (EMA α=0.3)
Iter  90: E = -96.496353 ± 0.000151  β_x = 20.000  CG 8it res=3.92e-11  sample_time=0.762s  ‖x‖=0.0074
  [CEM iter  95] β_eff = 19.1555 → beta_x = 19.7466 (EMA α=0.3)
  [CEM iter 100] β_eff = 20.7215 → beta_x = 20.0000 (EMA α=0.3)
Iter 100: E = -96.501308 ± 0.000128  β_x = 20.000  CG 7it res=1.43e-13  sample_time=0.771s  ‖x‖=0.0032
  [CEM iter 105] β_eff = 21.4567 → beta_x = 20.0000 (EMA α=0.3)
  [CEM iter 110] β_eff = 20.7535 → beta_x = 20.0000 (EMA α=0.3)
Iter 110: E = -96.504207 ± 0.000056  β_x = 20.000  CG 6it res=3.63e-12  sample_time=0.817s  ‖x‖=0.0023
  [CEM iter 115] β_eff = 20.4410 → beta_x = 20.0000 (EMA α=0.3)
  [CEM iter 120] β_eff = 17.6765 → beta_x = 19.3030 (EMA α=0.3)
Iter 120: E = -96.364895 ± 0.000048  β_x = 19.303  CG 9it res=4.31e-09  sample_time=0.773s  ‖x‖=0.0165
  [rbm_to_ising] beta_x = 19.3030
  [CEM iter 125] β_eff = 19.9112 → beta_x = 19.4854 (EMA α=0.3)
  [CEM iter 130] β_eff = 20.3357 → beta_x = 19.7405 (EMA α=0.3)
Iter 130: E = -96.102196 ± 0.000048  β_x = 19.741  CG 8it res=3.89e-12  sample_time=0.795s  ‖x‖=0.0054
  [rbm_to_ising] beta_x = 19.7405
  [CEM iter 135] β_eff = 20.7130 → beta_x = 20.0000 (EMA α=0.3)
  [rbm_to_ising] beta_x = 20.0000
  [CEM iter 140] β_eff = 19.8950 → beta_x = 19.9685 (EMA α=0.3)
Iter 140: E = -96.104828 ± 0.000025  β_x = 19.969  CG 6it res=2.72e-10  sample_time=0.767s  ‖x‖=0.0009
  [CEM iter 145] β_eff = 21.2624 → beta_x = 20.0000 (EMA α=0.3)
  [CEM iter 150] β_eff = 19.8825 → beta_x = 19.9647 (EMA α=0.3)
Iter 150: E = -96.105622 ± 0.000014  β_x = 19.965  CG 5it res=3.55e-14  sample_time=0.757s  ‖x‖=0.0007
  [CEM iter 155] β_eff = 19.6044 → beta_x = 19.8566 (EMA α=0.3)
  [CEM iter 160] β_eff = 22.1648 → beta_x = 20.0000 (EMA α=0.3)
Iter 160: E = -96.106332 ± 0.000016  β_x = 20.000  CG 8it res=2.45e-13  sample_time=0.788s  ‖x‖=0.0041
  [CEM iter 165] β_eff = 20.0616 → beta_x = 20.0000 (EMA α=0.3)
  [CEM iter 170] β_eff = 19.7729 → beta_x = 19.9319 (EMA α=0.3)
Iter 170: E = -96.106843 ± 0.000006  β_x = 19.932  CG 6it res=1.03e-11  sample_time=0.787s  ‖x‖=0.0004
  [CEM iter 175] β_eff = 21.1619 → beta_x = 20.0000 (EMA α=0.3)
  [CEM iter 180] β_eff = 18.6104 → beta_x = 19.5831 (EMA α=0.3)
Iter 180: E = -95.975005 ± 0.000016  β_x = 19.583  CG 8it res=5.16e-11  sample_time=0.790s  ‖x‖=0.0055
  [rbm_to_ising] beta_x = 19.5831
  [CEM iter 185] β_eff = 20.1107 → beta_x = 19.7414 (EMA α=0.3)
  [CEM iter 190] β_eff = 19.2530 → beta_x = 19.5949 (EMA α=0.3)
Iter 190: E = -95.975919 ± 0.000002  β_x = 19.595  CG 5it res=8.09e-14  sample_time=0.811s  ‖x‖=0.0005
  [CEM iter 195] β_eff = 19.5049 → beta_x = 19.5679 (EMA α=0.3)
  [CEM iter 200] β_eff = 18.3346 → beta_x = 19.1979 (EMA α=0.3)
Iter 200: E = -95.976736 ± 0.000001  β_x = 19.198  CG 4it res=8.89e-09  sample_time=0.802s  ‖x‖=0.0002
  [rbm_to_ising] beta_x = 19.1979
  [CEM iter 205] β_eff = 20.2009 → beta_x = 19.4988 (EMA α=0.3)
  [rbm_to_ising] beta_x = 19.4988
  [CEM iter 210] β_eff = 21.3648 → beta_x = 20.0000 (EMA α=0.3)
Iter 210: E = -95.841331 ± 0.000008  β_x = 20.000  CG 4it res=1.04e-13  sample_time=0.776s  ‖x‖=0.0005
  [rbm_to_ising] beta_x = 20.0000
  [CEM iter 215] β_eff = 21.3034 → beta_x = 20.0000 (EMA α=0.3)
  [CEM iter 220] β_eff = 21.6220 → beta_x = 20.0000 (EMA α=0.3)
Iter 220: E = -95.841703 ± 0.000015  β_x = 20.000  CG 8it res=1.19e-12  sample_time=0.778s  ‖x‖=0.0044
  [CEM iter 225] β_eff = 21.2186 → beta_x = 20.0000 (EMA α=0.3)
  [CEM iter 230] β_eff = 19.5008 → beta_x = 19.8503 (EMA α=0.3)
Iter 230: E = -95.842311 ± 0.000012  β_x = 19.850  CG 9it res=2.10e-10  sample_time=0.851s  ‖x‖=0.0087
  [CEM iter 235] β_eff = 20.5997 → beta_x = 20.0000 (EMA α=0.3)
  [CEM iter 240] β_eff = 20.3393 → beta_x = 20.0000 (EMA α=0.3)
Iter 240: E = -95.842437 ± 0.000002  β_x = 20.000  CG 5it res=6.56e-14  sample_time=0.796s  ‖x‖=0.0002
  [CEM iter 245] β_eff = 20.3444 → beta_x = 20.0000 (EMA α=0.3)
  [CEM iter 250] β_eff = 20.0689 → beta_x = 20.0000 (EMA α=0.3)
Iter 250: E = -95.842522 ± 0.000020  β_x = 20.000  CG 7it res=8.05e-09  sample_time=0.788s  ‖x‖=0.0042
  [CEM iter 255] β_eff = 22.0053 → beta_x = 20.0000 (EMA α=0.3)
  [CEM iter 260] β_eff = 19.1306 → beta_x = 19.7392 (EMA α=0.3)
Iter 260: E = -95.842781 ± 0.000011  β_x = 19.739  CG 8it res=2.27e-13  sample_time=0.819s  ‖x‖=0.0041
  [rbm_to_ising] beta_x = 19.7392
  [CEM iter 265] β_eff = 20.6568 → beta_x = 20.0000 (EMA α=0.3)
  [rbm_to_ising] beta_x = 20.0000
  [CEM iter 270] β_eff = 22.1382 → beta_x = 20.0000 (EMA α=0.3)
Iter 270: E = -95.704680 ± 0.000008  β_x = 20.000  CG 8it res=1.41e-09  sample_time=0.809s  ‖x‖=0.0051
  [CEM iter 275] β_eff = 20.6788 → beta_x = 20.0000 (EMA α=0.3)
  [CEM iter 280] β_eff = 20.8086 → beta_x = 20.0000 (EMA α=0.3)
Iter 280: E = -95.705731 ± 0.000003  β_x = 20.000  CG 6it res=3.27e-11  sample_time=0.773s  ‖x‖=0.0008
  [CEM iter 285] β_eff = 21.2847 → beta_x = 20.0000 (EMA α=0.3)
  [CEM iter 290] β_eff = 21.2409 → beta_x = 20.0000 (EMA α=0.3)
Iter 290: E = -95.703281 ± 0.003124  β_x = 20.000  CG 7it res=4.64e-09  sample_time=0.831s  ‖x‖=1.2793
  [CEM iter 295] β_eff = 21.9055 → beta_x = 20.0000 (EMA α=0.3)
Saved  → jax_results/tfim_1d/36/dimod/zephyr/result_1d_h2.0_rbmfull_nh36_lr0.01_reg1e-05_ns1000_seed1_iter300_cem1_sigma1.0.json
  Final energy : -95.587090
  Exact energy : -76.575198
  Error        : 19.011892
   270.5s  rbm=full  iters=300  rel_err=0.2483

[14:31:00]  Wall budget exhausted  (used 17.5/15.0 min, only -490 iters would fit — need 30). Stopping after 4 runs.

[14:31:00]  Finished in 0.29h
  Completed : 4
  Skipped   : 9  (already existed)
  Failed    : 0
